Archive member included because of file (symbol)

contiki-srf06-cc26xx.a(contiki-main.o)
                              obj_srf06-cc26xx/startup_gcc.o (main)
contiki-srf06-cc26xx.a(sensors.o)
                              contiki-srf06-cc26xx.a(contiki-main.o) (sensors_process)
contiki-srf06-cc26xx.a(leds.o)
                              contiki-srf06-cc26xx.a(contiki-main.o) (leds_init)
contiki-srf06-cc26xx.a(leds-arch.o)
                              contiki-srf06-cc26xx.a(leds.o) (leds_arch_init)
contiki-srf06-cc26xx.a(srf06-sensors.o)
                              contiki-srf06-cc26xx.a(sensors.o) (sensors_flags)
contiki-srf06-cc26xx.a(button-sensor.o)
                              contiki-srf06-cc26xx.a(srf06-sensors.o) (button_down_sensor)
contiki-srf06-cc26xx.a(board.o)
                              contiki-srf06-cc26xx.a(contiki-main.o) (board_init)
contiki-srf06-cc26xx.a(als-sensor.o)
                              contiki-srf06-cc26xx.a(srf06-sensors.o) (als_sensor)
contiki-srf06-cc26xx.a(clock.o)
                              contiki-srf06-cc26xx.a(contiki-main.o) (clock_init)
contiki-srf06-cc26xx.a(soc-rtc.o)
                              contiki-srf06-cc26xx.a(contiki-main.o) (soc_rtc_init)
contiki-srf06-cc26xx.a(contiki-watchdo)
                              contiki-srf06-cc26xx.a(contiki-main.o) (watchdog_init)
contiki-srf06-cc26xx.a(aux-ctrl.o)
                              contiki-srf06-cc26xx.a(als-sensor.o) (aux_ctrl_register_consumer)
contiki-srf06-cc26xx.a(putchar.o)
                              contiki-srf06-cc26xx.a(contiki-main.o) (putchar)
contiki-srf06-cc26xx.a(ieee-addr.o)
                              contiki-srf06-cc26xx.a(contiki-main.o) (ieee_addr_cpy_to)
contiki-srf06-cc26xx.a(cc26xx-uart.o)
                              contiki-srf06-cc26xx.a(contiki-main.o) (cc26xx_uart_init)
contiki-srf06-cc26xx.a(lpm.o)
                              contiki-srf06-cc26xx.a(contiki-main.o) (lpm_drop)
contiki-srf06-cc26xx.a(gpio-interrupt.)
                              contiki-srf06-cc26xx.a(button-sensor.o) (gpio_interrupt_register_handler)
contiki-srf06-cc26xx.a(oscillators.o)
                              contiki-srf06-cc26xx.a(contiki-main.o) (oscillators_select_lf_xosc)
contiki-srf06-cc26xx.a(ieee-mode.o)
                              contiki-srf06-cc26xx.a(contiki-main.o) (ieee_mode_driver)
contiki-srf06-cc26xx.a(random.o)
                              contiki-srf06-cc26xx.a(contiki-main.o) (random_init)
contiki-srf06-cc26xx.a(soc-trng.o)
                              contiki-srf06-cc26xx.a(random.o) (soc_trng_rand_synchronous)
contiki-srf06-cc26xx.a(dbg-printf.o)
                              bmo-ping-pong.co (printf)
contiki-srf06-cc26xx.a(strformat.o)
                              contiki-srf06-cc26xx.a(dbg-printf.o) (format_str_v)
contiki-srf06-cc26xx.a(autostart.o)
                              contiki-srf06-cc26xx.a(contiki-main.o) (autostart_start)
contiki-srf06-cc26xx.a(ctimer.o)
                              contiki-srf06-cc26xx.a(contiki-main.o) (ctimer_init)
contiki-srf06-cc26xx.a(energest.o)
                              contiki-srf06-cc26xx.a(contiki-main.o) (energest_init)
contiki-srf06-cc26xx.a(etimer.o)
                              contiki-srf06-cc26xx.a(clock.o) (etimer_request_poll)
contiki-srf06-cc26xx.a(process.o)
                              contiki-srf06-cc26xx.a(sensors.o) (process_alloc_event)
contiki-srf06-cc26xx.a(rtimer.o)
                              contiki-srf06-cc26xx.a(contiki-main.o) (rtimer_init)
contiki-srf06-cc26xx.a(timer.o)
                              contiki-srf06-cc26xx.a(button-sensor.o) (timer_set)
contiki-srf06-cc26xx.a(serial-line.o)
                              contiki-srf06-cc26xx.a(contiki-main.o) (serial_line_init)
contiki-srf06-cc26xx.a(list.o)
                              contiki-srf06-cc26xx.a(lpm.o) (list_init)
contiki-srf06-cc26xx.a(ringbuf.o)
                              contiki-srf06-cc26xx.a(serial-line.o) (ringbuf_init)
contiki-srf06-cc26xx.a(sicslowpan.o)
                              contiki-srf06-cc26xx.a(contiki-main.o) (sicslowpan_driver)
contiki-srf06-cc26xx.a(uip6.o)
                              contiki-srf06-cc26xx.a(sicslowpan.o) (uip_aligned_buf)
contiki-srf06-cc26xx.a(uip-ds6.o)
                              contiki-srf06-cc26xx.a(uip6.o) (uip_ds6_is_addr_onlink)
contiki-srf06-cc26xx.a(uip-ds6-nbr.o)
                              contiki-srf06-cc26xx.a(uip-ds6.o) (uip_ds6_neighbors_init)
contiki-srf06-cc26xx.a(uip-ds6-route.o)
                              contiki-srf06-cc26xx.a(uip-ds6.o) (uip_ds6_route_init)
contiki-srf06-cc26xx.a(uip-icmp6.o)
                              contiki-srf06-cc26xx.a(uip6.o) (uip_icmp6_input)
contiki-srf06-cc26xx.a(uip-nd6.o)
                              contiki-srf06-cc26xx.a(uip6.o) (uip_nd6_init)
contiki-srf06-cc26xx.a(simple-udp.o)
                              bmo-ping-pong.co (simple_udp_sendto)
contiki-srf06-cc26xx.a(tcpip.o)
[...]
Memory Configuration

Name             Origin             Length             Attributes
FLASH            0x00000000         0x0001ffa8         xr
FLASH_CCFG       0x0001ffa8         0x00000058         xr
SRAM             0x20000000         0x00005000         xrw
GPRAM            0x11000000         0x00002000         xrw
*default*        0x00000000         0xffffffff

Linker script and memory map

LOAD obj_srf06-cc26xx/fault-handlers.o
LOAD obj_srf06-cc26xx/ccfg.o
LOAD obj_srf06-cc26xx/startup_gcc.o
LOAD bmo-ping-pong.co
LOAD contiki-srf06-cc26xx.a
LOAD /usr/bin/../lib/gcc/arm-none-eabi/4.9.3/../../../../arm-none-eabi/lib/armv7-m/libm.a
START GROUP
LOAD /usr/bin/../lib/gcc/arm-none-eabi/4.9.3/armv7-m/libgcc.a
LOAD /usr/bin/../lib/gcc/arm-none-eabi/4.9.3/../../../../arm-none-eabi/lib/armv7-m/libc.a
END GROUP
                0x20005000                _estack = (ORIGIN (SRAM) + 0x5000)
                0x00000000                _Min_Heap_Size = 0x0
                0x00000100                _Min_Stack_Size = 0x100

.text           0x00000000     0xe2b0
                0x00000000                _text = .
 *(SORT(.vectors))
 .vectors       0x00000000       0xc8 obj_srf06-cc26xx/startup_gcc.o
                0x00000000                g_pfnVectors
 *(SORT(.text*))
 .text.FaultISR
                0x000000c8       0x18 obj_srf06-cc26xx/fault-handlers.o
                0x000000c8                FaultISR
 .text.NmiSRHandler
                0x000000e0        0x4 obj_srf06-cc26xx/startup_gcc.o
                0x000000e0                NmiSR
 .text.IntDefaultHandler
                0x000000e4        0x4 obj_srf06-cc26xx/startup_gcc.o
                0x000000e4                SSI0IntHandler
                0x000000e4                SWEvent0IntHandler
                0x000000e4                uDMAIntHandler
                0x000000e4                WatchdogIntHandler
                0x000000e4                RFCHardwareIntHandler
                0x000000e4                Timer1BIntHandler
                0x000000e4                I2SIntHandler
                0x000000e4                Timer2BIntHandler
                0x000000e4                Timer2AIntHandler
                0x000000e4                Timer1AIntHandler
                0x000000e4                AONIntHandler
                0x000000e4                AUXSWEvent0IntHandler
                0x000000e4                AUXADCIntHandler
                0x000000e4                PendSVIntHandler
                0x000000e4                AUXSWEvent1IntHandler
                0x000000e4                SVCallIntHandler
                0x000000e4                MPUFaultIntHandler
                0x000000e4                SysTickIntHandler
                0x000000e4                BusFaultIntHandler
                0x000000e4                AONProgIntHandler
                0x000000e4                AUXCompAIntHandler
                0x000000e4                SSI1IntHandler
                0x000000e4                FlashIntHandler
                0x000000e4                uDMAErrIntHandler
                0x000000e4                UsageFaultIntHandler
                0x000000e4                RFCCmdAckIntHandler
                0x000000e4                CryptoIntHandler
                0x000000e4                Timer0AIntHandler
                0x000000e4                I2CIntHandler
                0x000000e4                DebugMonIntHandler
                0x000000e4                Timer0BIntHandler
                0x000000e4                AUXCombEventIntHandler
                0x000000e4                Timer3AIntHandler
                0x000000e4                DynProgIntHandler
                0x000000e4                Timer3BIntHandler
 .text.ResetISR
                0x000000e8       0x5c obj_srf06-cc26xx/startup_gcc.o
                0x000000e8                ResetISR
 .text.process_thread_bmo_ping_pong
                0x00000144      0x154 bmo-ping-pong.co
 .text.receiver
                0x00000298       0x4c bmo-ping-pong.co
 .text.fade     0x000002e4       0x64 contiki-srf06-cc26xx.a(contiki-main.o)
 .text.startup.main
                0x00000348      0x24c contiki-srf06-cc26xx.a(contiki-main.o)
                0x00000348                main
 .text.process_thread_sensors_process
                0x00000594       0xf8 contiki-srf06-cc26xx.a(sensors.o)
 .text.sensors_changed
                0x0000068c       0x50 contiki-srf06-cc26xx.a(sensors.o)
                0x0000068c                sensors_changed
 .text.leds_init
                0x000006dc       0x14 contiki-srf06-cc26xx.a(leds.o)
                0x000006dc                leds_init
 .text.leds_on  0x000006f0       0x14 contiki-srf06-cc26xx.a(leds.o)
                0x000006f0                leds_on
 .text.leds_off
                0x00000704       0x14 contiki-srf06-cc26xx.a(leds.o)
                0x00000704                leds_off
 .text.leds_arch_init
                0x00000718       0x48 contiki-srf06-cc26xx.a(leds-arch.o)
                0x00000718                leds_arch_init
 .text.leds_arch_set
                0x00000760       0x48 contiki-srf06-cc26xx.a(leds-arch.o)
                0x00000760                leds_arch_set
 .text.button_press_handler
                0x000007a8      0x150 contiki-srf06-cc26xx.a(button-sensor.o)
 .text.value_select
                0x000008f8       0x24 contiki-srf06-cc26xx.a(button-sensor.o)
 .text.value_left
                0x0000091c       0x24 contiki-srf06-cc26xx.a(button-sensor.o)
 .text.value_right
                0x00000940       0x24 contiki-srf06-cc26xx.a(button-sensor.o)
 .text.value_up
                0x00000964       0x24 contiki-srf06-cc26xx.a(button-sensor.o)
 .text.value_down
                0x00000988       0x24 contiki-srf06-cc26xx.a(button-sensor.o)
 .text.status.part.5
                0x000009ac       0x14 contiki-srf06-cc26xx.a(button-sensor.o)
 .text.status_select
                0x000009c0       0x10 contiki-srf06-cc26xx.a(button-sensor.o)
 .text.status_left
                0x000009d0       0x10 contiki-srf06-cc26xx.a(button-sensor.o)
 .text.status_right
                0x000009e0       0x10 contiki-srf06-cc26xx.a(button-sensor.o)
 .text.status_up
                0x000009f0       0x10 contiki-srf06-cc26xx.a(button-sensor.o)
 .text.status_down
                0x00000a00       0x10 contiki-srf06-cc26xx.a(button-sensor.o)
 .text.config_buttons
                0x00000a10       0x84 contiki-srf06-cc26xx.a(button-sensor.o)
 .text.config_select
                0x00000a94        0xc contiki-srf06-cc26xx.a(button-sensor.o)
 .text.config_left
                0x00000aa0        0xc contiki-srf06-cc26xx.a(button-sensor.o)
 .text.config_right
                0x00000aac        0xc contiki-srf06-cc26xx.a(button-sensor.o)
 .text.config_up
                0x00000ab8        0xc contiki-srf06-cc26xx.a(button-sensor.o)
 .text.config_down
                0x00000ac4        0xc contiki-srf06-cc26xx.a(button-sensor.o)
 .text.lpm_handler
                0x00000ad0       0x34 contiki-srf06-cc26xx.a(board.o)
 .text.wakeup_handler
                0x00000b04       0x20 contiki-srf06-cc26xx.a(board.o)
 .text.board_init
                0x00000b24       0x70 contiki-srf06-cc26xx.a(board.o)
                0x00000b24                board_init
 .text.status   0x00000b94        0x4 contiki-srf06-cc26xx.a(als-sensor.o)
 .text.value    0x00000b98       0x24 contiki-srf06-cc26xx.a(als-sensor.o)
 .text.config   0x00000bbc       0x88 contiki-srf06-cc26xx.a(als-sensor.o)
 .text.power_domain_on
                0x00000c44       0x20 contiki-srf06-cc26xx.a(clock.o)
 .text.clock_init
                0x00000c64       0x98 contiki-srf06-cc26xx.a(clock.o)
                0x00000c64                clock_init
 .text.clock_time
                0x00000cfc       0x34 contiki-srf06-cc26xx.a(clock.o)
                0x00000cfc                clock_time
 .text.clock_update
                0x00000d30       0x3c contiki-srf06-cc26xx.a(clock.o)
                0x00000d30                clock_update
 .text.clock_seconds
                0x00000d6c       0x18 contiki-srf06-cc26xx.a(clock.o)
                0x00000d6c                clock_seconds
 .text.clock_delay_usec
                0x00000d84       0x84 contiki-srf06-cc26xx.a(clock.o)
                0x00000d84                clock_delay_usec
 .text.soc_rtc_init
                0x00000e08       0xa0 contiki-srf06-cc26xx.a(soc-rtc.o)
                0x00000e08                soc_rtc_init
 .text.soc_rtc_schedule_one_shot
                0x00000ea8       0x70 contiki-srf06-cc26xx.a(soc-rtc.o)
                0x00000ea8                soc_rtc_schedule_one_shot
 .text.soc_rtc_last_isr_time
                0x00000f18        0xc contiki-srf06-cc26xx.a(soc-rtc.o)
                0x00000f18                soc_rtc_last_isr_time
 .text.AONRTCIntHandler
                0x00000f24       0x88 contiki-srf06-cc26xx.a(soc-rtc.o)
                0x00000f24                AONRTCIntHandler
 .text.lock_config
                0x00000fac       0x18 contiki-srf06-cc26xx.a(contiki-watchdo)
 .text.unlock_config
                0x00000fc4       0x2c contiki-srf06-cc26xx.a(contiki-watchdo)
 .text.watchdog_init
                0x00000ff0       0x1c contiki-srf06-cc26xx.a(contiki-watchdo)
                0x00000ff0                watchdog_init
 .text.watchdog_start
                0x0000100c       0x30 contiki-srf06-cc26xx.a(contiki-watchdo)
                0x0000100c                watchdog_start
 .text.watchdog_periodic
                0x0000103c       0x1c contiki-srf06-cc26xx.a(contiki-watchdo)
                0x0000103c                watchdog_periodic
 .text.aux_ctrl_power_up
                0x00001058       0x28 contiki-srf06-cc26xx.a(aux-ctrl.o)
                0x00001058                aux_ctrl_power_up
 .text.aux_ctrl_register_consumer
                0x00001080       0x40 contiki-srf06-cc26xx.a(aux-ctrl.o)
                0x00001080                aux_ctrl_register_consumer
 .text.aux_ctrl_power_down
                0x000010c0       0x6c contiki-srf06-cc26xx.a(aux-ctrl.o)
                0x000010c0                aux_ctrl_power_down
 .text.aux_ctrl_unregister_consumer
                0x0000112c       0x28 contiki-srf06-cc26xx.a(aux-ctrl.o)
                0x0000112c                aux_ctrl_unregister_consumer
 .text.putchar  0x00001154       0x10 contiki-srf06-cc26xx.a(putchar.o)
                0x00001154                putchar
 .text.puts     0x00001164       0x30 contiki-srf06-cc26xx.a(putchar.o)
                0x00001164                puts
 .text.dbg_send_bytes
                0x00001194       0x40 contiki-srf06-cc26xx.a(putchar.o)
                0x00001194                dbg_send_bytes
 .text.ieee_addr_cpy_to
                0x000011d4       0x40 contiki-srf06-cc26xx.a(ieee-addr.o)
                0x000011d4                ieee_addr_cpy_to
 .text.power_and_clock
                0x00001214       0x40 contiki-srf06-cc26xx.a(cc26xx-uart.o)
 .text.enable   0x00001254       0xf0 contiki-srf06-cc26xx.a(cc26xx-uart.o)
 .text.accessible
                0x00001344       0x24 contiki-srf06-cc26xx.a(cc26xx-uart.o)
 .text.lpm_drop_handler
                0x00001368       0xcc contiki-srf06-cc26xx.a(cc26xx-uart.o)
 .text.cc26xx_uart_init
                0x00001434       0x28 contiki-srf06-cc26xx.a(cc26xx-uart.o)
                0x00001434                cc26xx_uart_init
 .text.cc26xx_uart_write_byte
                0x0000145c       0x28 contiki-srf06-cc26xx.a(cc26xx-uart.o)
                0x0000145c                cc26xx_uart_write_byte
 .text.cc26xx_uart_busy
                0x00001484       0x18 contiki-srf06-cc26xx.a(cc26xx-uart.o)
                0x00001484                cc26xx_uart_busy
 .text.UART0IntHandler
                0x0000149c       0x54 contiki-srf06-cc26xx.a(cc26xx-uart.o)
                0x0000149c                UART0IntHandler
 .text.lpm_sleep
                0x000014f0       0x14 contiki-srf06-cc26xx.a(lpm.o)
                0x000014f0                lpm_sleep
 .text.lpm_drop
                0x00001504      0x25c contiki-srf06-cc26xx.a(lpm.o)
                0x00001504                lpm_drop
 .text.lpm_register_module
                0x00001760        0xc contiki-srf06-cc26xx.a(lpm.o)
                0x00001760                lpm_register_module
 .text.lpm_unregister_module
                0x0000176c        0xc contiki-srf06-cc26xx.a(lpm.o)
                0x0000176c                lpm_unregister_module
 .text.lpm_init
                0x00001778       0x20 contiki-srf06-cc26xx.a(lpm.o)
                0x00001778                lpm_init
 .text.lpm_pin_set_default_state
                0x00001798       0x2c contiki-srf06-cc26xx.a(lpm.o)
                0x00001798                lpm_pin_set_default_state
 .text.gpio_interrupt_register_handler
                0x000017c4       0x2c contiki-srf06-cc26xx.a(gpio-interrupt.)
                0x000017c4                gpio_interrupt_register_handler
 .text.gpio_interrupt_init
                0x000017f0       0x24 contiki-srf06-cc26xx.a(gpio-interrupt.)
                0x000017f0                gpio_interrupt_init
 .text.GPIOIntHandler
                0x00001814       0x30 contiki-srf06-cc26xx.a(gpio-interrupt.)
                0x00001814                GPIOIntHandler
 .text.oscillators_select_lf_xosc
                0x00001844       0x50 contiki-srf06-cc26xx.a(oscillators.o)
                0x00001844                oscillators_select_lf_xosc
 .text.oscillators_request_hf_xosc
                0x00001894       0x30 contiki-srf06-cc26xx.a(oscillators.o)
                0x00001894                oscillators_request_hf_xosc
 .text.oscillators_switch_to_hf_xosc
                0x000018c4       0x34 contiki-srf06-cc26xx.a(oscillators.o)
                0x000018c4                oscillators_switch_to_hf_xosc
 .text.oscillators_switch_to_hf_rc
                0x000018f8       0x38 contiki-srf06-cc26xx.a(oscillators.o)
                0x000018f8                oscillators_switch_to_hf_rc
 .text.request  0x00001930       0x20 contiki-srf06-cc26xx.a(ieee-mode.o)
 .text.rx_on    0x00001950       0x60 contiki-srf06-cc26xx.a(ieee-mode.o)
 .text.prepare  0x000019b0       0x1c contiki-srf06-cc26xx.a(ieee-mode.o)
 .text.rf_radio_setup
                0x000019cc       0x64 contiki-srf06-cc26xx.a(ieee-mode.o)
 .text.soft_on  0x00001a30       0x18 contiki-srf06-cc26xx.a(ieee-mode.o)
 .text.pending_packet
                0x00001a48       0x48 contiki-srf06-cc26xx.a(ieee-mode.o)
 .text.soft_off
                0x00001a90       0x44 contiki-srf06-cc26xx.a(ieee-mode.o)
 .text.get_object
                0x00001ad4       0x4c contiki-srf06-cc26xx.a(ieee-mode.o)
 .text.transmitting
                0x00001b20       0x4c contiki-srf06-cc26xx.a(ieee-mode.o)
 .text.rx_off   0x00001b6c       0x6c contiki-srf06-cc26xx.a(ieee-mode.o)
 .text.set_object
                0x00001bd8       0x60 contiki-srf06-cc26xx.a(ieee-mode.o)
 .text.get_cca_info
                0x00001c38       0x50 contiki-srf06-cc26xx.a(ieee-mode.o)
 .text.check_rat_overflow
                0x00001c88       0x80 contiki-srf06-cc26xx.a(ieee-mode.o)
 .text.receiving_packet
                0x00001d08       0x34 contiki-srf06-cc26xx.a(ieee-mode.o)
 .text.off      0x00001d3c       0x6c contiki-srf06-cc26xx.a(ieee-mode.o)
 .text.on       0x00001da8       0xac contiki-srf06-cc26xx.a(ieee-mode.o)
 .text.set_value
                0x00001e54      0x168 contiki-srf06-cc26xx.a(ieee-mode.o)
 .text.get_value
                0x00001fbc      0x188 contiki-srf06-cc26xx.a(ieee-mode.o)
 .text.transmit
                0x00002144       0xec contiki-srf06-cc26xx.a(ieee-mode.o)
 .text.send     0x00002230       0x24 contiki-srf06-cc26xx.a(ieee-mode.o)
 .text.channel_clear
                0x00002254       0x68 contiki-srf06-cc26xx.a(ieee-mode.o)
 .text.read_frame
                0x000022bc      0x1a0 contiki-srf06-cc26xx.a(ieee-mode.o)
 .text.handle_rat_overflow
                0x0000245c       0x60 contiki-srf06-cc26xx.a(ieee-mode.o)
 .text.init     0x000024bc      0x118 contiki-srf06-cc26xx.a(ieee-mode.o)
 .text.random_rand
                0x000025d4        0xc contiki-srf06-cc26xx.a(random.o)
                0x000025d4                random_rand
 .text.random_init
                0x000025e0        0x4 contiki-srf06-cc26xx.a(random.o)
                0x000025e0                random_init
 .text.power_up
                0x000025e4       0x40 contiki-srf06-cc26xx.a(soc-trng.o)
 .text.request  0x00002624       0x14 contiki-srf06-cc26xx.a(soc-trng.o)
 .text.process_thread_soc_trng_process
                0x00002638       0x94 contiki-srf06-cc26xx.a(soc-trng.o)
 .text.accessible
                0x000026cc       0x24 contiki-srf06-cc26xx.a(soc-trng.o)
 .text.soc_trng_rand_synchronous
                0x000026f0       0xc4 contiki-srf06-cc26xx.a(soc-trng.o)
                0x000026f0                soc_trng_rand_synchronous
 .text.TRNGIntHandler
                0x000027b4       0x50 contiki-srf06-cc26xx.a(soc-trng.o)
                0x000027b4                TRNGIntHandler
 .text.soc_trng_init
                0x00002804       0x28 contiki-srf06-cc26xx.a(soc-trng.o)
                0x00002804                soc_trng_init
 .text.write_str
                0x0000282c       0x14 contiki-srf06-cc26xx.a(dbg-printf.o)
 .text.printf   0x00002840       0x24 contiki-srf06-cc26xx.a(dbg-printf.o)
                0x00002840                printf
 .text.fill_space
                0x00002864       0x3c contiki-srf06-cc26xx.a(strformat.o)
 .text.format_str_v
                0x000028a0      0x95c contiki-srf06-cc26xx.a(strformat.o)
                0x000028a0                format_str_v
 .text.autostart_start
                0x000031fc       0x18 contiki-srf06-cc26xx.a(autostart.o)
                0x000031fc                autostart_start
 .text.process_thread_ctimer_process
                0x00003214       0x94 contiki-srf06-cc26xx.a(ctimer.o)
 .text.ctimer_init
                0x000032a8       0x28 contiki-srf06-cc26xx.a(ctimer.o)
                0x000032a8                ctimer_init
 .text.ctimer_set_with_process
                0x000032d0       0x4c contiki-srf06-cc26xx.a(ctimer.o)
                0x000032d0                ctimer_set_with_process
 .text.ctimer_set
                0x0000331c       0x18 contiki-srf06-cc26xx.a(ctimer.o)
                0x0000331c                ctimer_set
 .text.ctimer_reset
                0x00003334       0x38 contiki-srf06-cc26xx.a(ctimer.o)
                0x00003334                ctimer_reset
 .text.ctimer_restart
                0x0000336c       0x38 contiki-srf06-cc26xx.a(ctimer.o)
                0x0000336c                ctimer_restart
 .text.ctimer_stop
                0x000033a4       0x34 contiki-srf06-cc26xx.a(ctimer.o)
                0x000033a4                ctimer_stop
 .text.energest_init
                0x000033d8        0x4 contiki-srf06-cc26xx.a(energest.o)
                0x000033d8                energest_init
 .text.update_time
                0x000033dc       0x44 contiki-srf06-cc26xx.a(etimer.o)
 .text.process_thread_etimer_process
                0x00003420       0xc8 contiki-srf06-cc26xx.a(etimer.o)
 .text.add_timer
                0x000034e8       0x54 contiki-srf06-cc26xx.a(etimer.o)
 .text.etimer_request_poll
                0x0000353c        0xc contiki-srf06-cc26xx.a(etimer.o)
                0x0000353c                etimer_request_poll
 .text.etimer_set
                0x00003548       0x14 contiki-srf06-cc26xx.a(etimer.o)
                0x00003548                etimer_set
 .text.etimer_reset
                0x0000355c       0x14 contiki-srf06-cc26xx.a(etimer.o)
                0x0000355c                etimer_reset
 .text.etimer_restart
                0x00003570       0x14 contiki-srf06-cc26xx.a(etimer.o)
                0x00003570                etimer_restart
 .text.etimer_expired
                0x00003584        0xc contiki-srf06-cc26xx.a(etimer.o)
                0x00003584                etimer_expired
 .text.etimer_expiration_time
                0x00003590        0x8 contiki-srf06-cc26xx.a(etimer.o)
                0x00003590                etimer_expiration_time
 .text.etimer_pending
                0x00003598       0x10 contiki-srf06-cc26xx.a(etimer.o)
                0x00003598                etimer_pending
 .text.etimer_next_expiration_time
                0x000035a8       0x14 contiki-srf06-cc26xx.a(etimer.o)
                0x000035a8                etimer_next_expiration_time
 .text.etimer_stop
                0x000035bc       0x4c contiki-srf06-cc26xx.a(etimer.o)
                0x000035bc                etimer_stop
 .text.exit_process
                0x00003608       0xb0 contiki-srf06-cc26xx.a(process.o)
 .text.call_process.part.0
                0x000036b8       0x38 contiki-srf06-cc26xx.a(process.o)
 .text.do_poll  0x000036f0       0x3c contiki-srf06-cc26xx.a(process.o)
 .text.process_alloc_event
                0x0000372c       0x10 contiki-srf06-cc26xx.a(process.o)
                0x0000372c                process_alloc_event
 .text.process_init
                0x0000373c       0x34 contiki-srf06-cc26xx.a(process.o)
                0x0000373c                process_init
 .text.process_run
                0x00003770       0xac contiki-srf06-cc26xx.a(process.o)
                0x00003770                process_run
 .text.process_nevents
                0x0000381c       0x14 contiki-srf06-cc26xx.a(process.o)
                0x0000381c                process_nevents
 .text.process_post
                0x00003830       0x40 contiki-srf06-cc26xx.a(process.o)
                0x00003830                process_post
 .text.process_post_synch
                0x00003870       0x18 contiki-srf06-cc26xx.a(process.o)
                0x00003870                process_post_synch
 .text.process_start
                0x00003888       0x40 contiki-srf06-cc26xx.a(process.o)
                0x00003888                process_start
 .text.process_poll
                0x000038c8       0x18 contiki-srf06-cc26xx.a(process.o)
                0x000038c8                process_poll
 .text.rtimer_init
                0x000038e0        0x4 contiki-srf06-cc26xx.a(rtimer.o)
                0x000038e0                rtimer_init
 .text.rtimer_set
                0x000038e4       0x2c contiki-srf06-cc26xx.a(rtimer.o)
                0x000038e4                rtimer_set
 .text.rtimer_run_next
                0x00003910       0x28 contiki-srf06-cc26xx.a(rtimer.o)
                0x00003910                rtimer_run_next
 .text.timer_set
                0x00003938       0x10 contiki-srf06-cc26xx.a(timer.o)
                0x00003938                timer_set
 .text.timer_reset
                0x00003948        0xc contiki-srf06-cc26xx.a(timer.o)
                0x00003948                timer_reset
 .text.timer_restart
                0x00003954        0xc contiki-srf06-cc26xx.a(timer.o)
                0x00003954                timer_restart
 .text.timer_expired
                0x00003960       0x1c contiki-srf06-cc26xx.a(timer.o)
                0x00003960                timer_expired
 .text.process_thread_serial_line_process
                0x0000397c       0xac contiki-srf06-cc26xx.a(serial-line.o)
 .text.serial_line_init
                0x00003a28       0x24 contiki-srf06-cc26xx.a(serial-line.o)
                0x00003a28                serial_line_init
 .text.list_init
                0x00003a4c        0x8 contiki-srf06-cc26xx.a(list.o)
                0x00003a4c                list_init
 .text.list_head
                0x00003a54        0x4 contiki-srf06-cc26xx.a(list.o)
                0x00003a54                list_head
 .text.list_add
                0x00003a58       0x48 contiki-srf06-cc26xx.a(list.o)
                0x00003a58                list_add
 .text.list_push
                0x00003aa0       0x40 contiki-srf06-cc26xx.a(list.o)
                0x00003aa0                list_push
 .text.list_remove
                0x00003ae0       0x2c contiki-srf06-cc26xx.a(list.o)
                0x00003ae0                list_remove
 .text.list_length
                0x00003b0c       0x14 contiki-srf06-cc26xx.a(list.o)
                0x00003b0c                list_length
 .text.list_item_next
                0x00003b20        0x8 contiki-srf06-cc26xx.a(list.o)
                0x00003b20                list_item_next
 .text.ringbuf_init
                0x00003b28       0x10 contiki-srf06-cc26xx.a(ringbuf.o)
                0x00003b28                ringbuf_init
 .text.ringbuf_get
                0x00003b38       0x28 contiki-srf06-cc26xx.a(ringbuf.o)
                0x00003b38                ringbuf_get
 .text.sicslowpan_init
                0x00003b60       0x24 contiki-srf06-cc26xx.a(sicslowpan.o)
                0x00003b60                sicslowpan_init
 .text.compress_addr_64
                0x00003b84       0x9c contiki-srf06-cc26xx.a(sicslowpan.o)
 .text.set_packet_attrs
                0x00003c20       0x4c contiki-srf06-cc26xx.a(sicslowpan.o)
 .text.addr_context_lookup_by_prefix
                0x00003c6c       0x28 contiki-srf06-cc26xx.a(sicslowpan.o)
 .text.send_packet
                0x00003c94       0x24 contiki-srf06-cc26xx.a(sicslowpan.o)
 .text.packet_sent
                0x00003cb8       0x28 contiki-srf06-cc26xx.a(sicslowpan.o)
 .text.store_fragment
                0x00003ce0       0x68 contiki-srf06-cc26xx.a(sicslowpan.o)
 .text.add_fragment
                0x00003d48      0x19c contiki-srf06-cc26xx.a(sicslowpan.o)
 .text.uncompress_addr
                0x00003ee4       0xb8 contiki-srf06-cc26xx.a(sicslowpan.o)
 .text.input    0x00003f9c      0x660 contiki-srf06-cc26xx.a(sicslowpan.o)
 .text.output   0x000045fc      0x730 contiki-srf06-cc26xx.a(sicslowpan.o)
 .text.chksum   0x00004d2c       0x50 contiki-srf06-cc26xx.a(uip6.o)
 .text.upper_layer_chksum
                0x00004d7c       0x58 contiki-srf06-cc26xx.a(uip6.o)
 .text.ext_hdr_options_process
                0x00004dd4       0xc8 contiki-srf06-cc26xx.a(uip6.o)
 .text.uip_add32
                0x00004e9c       0x58 contiki-srf06-cc26xx.a(uip6.o)
                0x00004e9c                uip_add32
 .text.unlikely.uip_add_rcv_nxt
                0x00004ef4       0x2c contiki-srf06-cc26xx.a(uip6.o)
 .text.uip_icmp6chksum
                0x00004f20        0x8 contiki-srf06-cc26xx.a(uip6.o)
                0x00004f20                uip_icmp6chksum
 .text.uip_init
                0x00004f28       0x5c contiki-srf06-cc26xx.a(uip6.o)
                0x00004f28                uip_init
 .text.remove_ext_hdr
                0x00004f84       0x60 contiki-srf06-cc26xx.a(uip6.o)
                0x00004f84                remove_ext_hdr
 .text.uip_udp_new
                0x00004fe4       0x94 contiki-srf06-cc26xx.a(uip6.o)
                0x00004fe4                uip_udp_new
 .text.uip_unlisten
                0x00005078       0x28 contiki-srf06-cc26xx.a(uip6.o)
                0x00005078                uip_unlisten
 .text.uip_process
                0x000050a0     0x10fc contiki-srf06-cc26xx.a(uip6.o)
                0x000050a0                uip_process
 .text.uip_htonl
                0x0000619c       0x14 contiki-srf06-cc26xx.a(uip6.o)
                0x0000619c                uip_htonl
 .text.uip_ds6_list_loop
                0x000061b0       0x60 contiki-srf06-cc26xx.a(uip-ds6.o)
                0x000061b0                uip_ds6_list_loop
 .text.uip_ds6_prefix_add
                0x00006210       0x6c contiki-srf06-cc26xx.a(uip-ds6.o)
                0x00006210                uip_ds6_prefix_add
 .text.uip_ds6_is_addr_onlink
                0x0000627c       0x3c contiki-srf06-cc26xx.a(uip-ds6.o)
                0x0000627c                uip_ds6_is_addr_onlink
 .text.uip_ds6_addr_lookup
                0x000062b8       0x30 contiki-srf06-cc26xx.a(uip-ds6.o)
                0x000062b8                uip_ds6_addr_lookup
 .text.uip_ds6_get_link_local
                0x000062e8       0x44 contiki-srf06-cc26xx.a(uip-ds6.o)
                0x000062e8                uip_ds6_get_link_local
 .text.uip_ds6_maddr_add
                0x0000632c       0x50 contiki-srf06-cc26xx.a(uip-ds6.o)
                0x0000632c                uip_ds6_maddr_add
 .text.uip_ds6_addr_add
                0x0000637c       0xa8 contiki-srf06-cc26xx.a(uip-ds6.o)
                0x0000637c                uip_ds6_addr_add
 .text.uip_ds6_maddr_lookup
                0x00006424       0x30 contiki-srf06-cc26xx.a(uip-ds6.o)
                0x00006424                uip_ds6_maddr_lookup
 .text.uip_ds6_addr_rm
                0x00006454       0x48 contiki-srf06-cc26xx.a(uip-ds6.o)
                0x00006454                uip_ds6_addr_rm
 .text.uip_ds6_periodic
                0x0000649c       0x5c contiki-srf06-cc26xx.a(uip-ds6.o)
                0x0000649c                uip_ds6_periodic
 .text.uip_ds6_select_src
                0x000064f8       0xf4 contiki-srf06-cc26xx.a(uip-ds6.o)
                0x000064f8                uip_ds6_select_src
 .text.uip_ds6_set_addr_iid
                0x000065ec       0x14 contiki-srf06-cc26xx.a(uip-ds6.o)
                0x000065ec                uip_ds6_set_addr_iid
 .text.uip_ds6_compute_reachable_time
                0x00006600       0x28 contiki-srf06-cc26xx.a(uip-ds6.o)
                0x00006600                uip_ds6_compute_reachable_time
 .text.uip_ds6_init
                0x00006628       0xf8 contiki-srf06-cc26xx.a(uip-ds6.o)
                0x00006628                uip_ds6_init
 .text.uip_ds6_nbr_rm
                0x00006720       0x20 contiki-srf06-cc26xx.a(uip-ds6-nbr.o)
                0x00006720                uip_ds6_nbr_rm
 .text.uip_ds6_neighbors_init
                0x00006740       0x1c contiki-srf06-cc26xx.a(uip-ds6-nbr.o)
                0x00006740                uip_ds6_neighbors_init
 .text.uip_ds6_nbr_add
                0x0000675c       0x38 contiki-srf06-cc26xx.a(uip-ds6-nbr.o)
                0x0000675c                uip_ds6_nbr_add
 .text.uip_ds6_nbr_get_ll
                0x00006794       0x10 contiki-srf06-cc26xx.a(uip-ds6-nbr.o)
                0x00006794                uip_ds6_nbr_get_ll
 .text.uip_ds6_nbr_lookup
                0x000067a4       0x3c contiki-srf06-cc26xx.a(uip-ds6-nbr.o)
                0x000067a4                uip_ds6_nbr_lookup
 .text.uip_ds6_nbr_ipaddr_from_lladdr
                0x000067e0       0x10 contiki-srf06-cc26xx.a(uip-ds6-nbr.o)
                0x000067e0                uip_ds6_nbr_ipaddr_from_lladdr
 .text.uip_ds6_nbr_lladdr_from_ipaddr
                0x000067f0       0x1c contiki-srf06-cc26xx.a(uip-ds6-nbr.o)
                0x000067f0                uip_ds6_nbr_lladdr_from_ipaddr
 .text.uip_ds6_link_neighbor_callback
                0x0000680c       0x34 contiki-srf06-cc26xx.a(uip-ds6-nbr.o)
                0x0000680c                uip_ds6_link_neighbor_callback
 .text.call_route_callback
                0x00006840       0x50 contiki-srf06-cc26xx.a(uip-ds6-route.o)
 .text.uip_ds6_route_init
                0x00006890       0x4c contiki-srf06-cc26xx.a(uip-ds6-route.o)
                0x00006890                uip_ds6_route_init
 .text.uip_ds6_route_nexthop
                0x000068dc       0x1c contiki-srf06-cc26xx.a(uip-ds6-route.o)
                0x000068dc                uip_ds6_route_nexthop
 .text.uip_ds6_route_head
                0x000068f8        0xc contiki-srf06-cc26xx.a(uip-ds6-route.o)
                0x000068f8                uip_ds6_route_head
 .text.uip_ds6_route_next
                0x00006904        0x8 contiki-srf06-cc26xx.a(uip-ds6-route.o)
                0x00006904                uip_ds6_route_next
 .text.uip_ds6_route_is_nexthop
                0x0000690c       0x20 contiki-srf06-cc26xx.a(uip-ds6-route.o)
                0x0000690c                uip_ds6_route_is_nexthop
 .text.uip_ds6_route_lookup
                0x0000692c       0x78 contiki-srf06-cc26xx.a(uip-ds6-route.o)
                0x0000692c                uip_ds6_route_lookup
 .text.uip_ds6_route_rm
                0x000069a4       0xac contiki-srf06-cc26xx.a(uip-ds6-route.o)
                0x000069a4                uip_ds6_route_rm
 .text.rm_routelist
                0x00006a50       0x38 contiki-srf06-cc26xx.a(uip-ds6-route.o)
 .text.rm_routelist_callback
                0x00006a88        0x4 contiki-srf06-cc26xx.a(uip-ds6-route.o)
 .text.uip_ds6_route_add
                0x00006a8c      0x12c contiki-srf06-cc26xx.a(uip-ds6-route.o)
                0x00006a8c                uip_ds6_route_add
 .text.uip_ds6_defrt_rm
                0x00006bb8       0x48 contiki-srf06-cc26xx.a(uip-ds6-route.o)
                0x00006bb8                uip_ds6_defrt_rm
 .text.uip_ds6_defrt_lookup
                0x00006c00       0x34 contiki-srf06-cc26xx.a(uip-ds6-route.o)
                0x00006c00                uip_ds6_defrt_lookup
 .text.uip_ds6_defrt_add
                0x00006c34       0x5c contiki-srf06-cc26xx.a(uip-ds6-route.o)
                0x00006c34                uip_ds6_defrt_add
 .text.uip_ds6_defrt_choose
                0x00006c90       0x34 contiki-srf06-cc26xx.a(uip-ds6-route.o)
                0x00006c90                uip_ds6_defrt_choose
 .text.uip_ds6_defrt_periodic
                0x00006cc4       0x3c contiki-srf06-cc26xx.a(uip-ds6-route.o)
                0x00006cc4                uip_ds6_defrt_periodic
 .text.echo_reply_input
                0x00006d00       0xb0 contiki-srf06-cc26xx.a(uip-icmp6.o)
 .text.echo_request_input
                0x00006db0       0xb8 contiki-srf06-cc26xx.a(uip-icmp6.o)
 .text.uip_icmp6_input
                0x00006e68       0x3c contiki-srf06-cc26xx.a(uip-icmp6.o)
                0x00006e68                uip_icmp6_input
 .text.uip_icmp6_register_input_handler
                0x00006ea4        0xc contiki-srf06-cc26xx.a(uip-icmp6.o)
                0x00006ea4                uip_icmp6_register_input_handler
 .text.uip_icmp6_error_output
                0x00006eb0      0x150 contiki-srf06-cc26xx.a(uip-icmp6.o)
                0x00006eb0                uip_icmp6_error_output
 .text.uip_icmp6_send
                0x00007000       0x84 contiki-srf06-cc26xx.a(uip-icmp6.o)
                0x00007000                uip_icmp6_send
 .text.uip_icmp6_init
                0x00007084       0x24 contiki-srf06-cc26xx.a(uip-icmp6.o)
                0x00007084                uip_icmp6_init
 .text.ns_input
                0x000070a8      0x2a0 contiki-srf06-cc26xx.a(uip-nd6.o)
 .text.uip_nd6_init
                0x00007348        0xc contiki-srf06-cc26xx.a(uip-nd6.o)
                0x00007348                uip_nd6_init
 .text.process_thread_simple_udp_process
                0x00007354       0xac contiki-srf06-cc26xx.a(simple-udp.o)
 .text.simple_udp_sendto
                0x00007400       0x1c contiki-srf06-cc26xx.a(simple-udp.o)
                0x00007400                simple_udp_sendto
 .text.simple_udp_register
                0x0000741c       0x74 contiki-srf06-cc26xx.a(simple-udp.o)
                0x0000741c                simple_udp_register
 .text.start_periodic_tcp_timer
                0x00007490       0x1c contiki-srf06-cc26xx.a(tcpip.o)
 .text.tcpip_set_outputfunc
                0x000074ac        0xc contiki-srf06-cc26xx.a(tcpip.o)
                0x000074ac                tcpip_set_outputfunc
 .text.udp_new  0x000074b8       0x18 contiki-srf06-cc26xx.a(tcpip.o)
                0x000074b8                udp_new
 .text.tcpip_icmp6_call
                0x000074d0       0x28 contiki-srf06-cc26xx.a(tcpip.o)
                0x000074d0                tcpip_icmp6_call
 .text.tcpip_input
                0x000074f8       0x24 contiki-srf06-cc26xx.a(tcpip.o)
                0x000074f8                tcpip_input
 .text.tcpip_ipv6_output
                0x0000751c       0xbc contiki-srf06-cc26xx.a(tcpip.o)
                0x0000751c                tcpip_ipv6_output
 .text.process_thread_tcpip_process
                0x000075d8      0x1c8 contiki-srf06-cc26xx.a(tcpip.o)
 .text.tcpip_uipcall
                0x000077a0       0x70 contiki-srf06-cc26xx.a(tcpip.o)
                0x000077a0                tcpip_uipcall
 .text.uip_debug_ipaddr_print
                0x00007810       0xb0 contiki-srf06-cc26xx.a(uip-debug.o)
                0x00007810                uip_debug_ipaddr_print
 .text.uip_udp_packet_send
                0x000078c0       0x40 contiki-srf06-cc26xx.a(uip-udp-packet.)
                0x000078c0                uip_udp_packet_send
 .text.uip_udp_packet_sendto
                0x00007900       0x48 contiki-srf06-cc26xx.a(uip-udp-packet.)
                0x00007900                uip_udp_packet_sendto
 .text.rpl_get_mode
                0x00007948        0xc contiki-srf06-cc26xx.a(rpl.o)
                0x00007948                rpl_get_mode
 .text.rpl_purge_routes
                0x00007954       0x7c contiki-srf06-cc26xx.a(rpl.o)
                0x00007954                rpl_purge_routes
 .text.rpl_remove_routes
                0x000079d0       0x24 contiki-srf06-cc26xx.a(rpl.o)
                0x000079d0                rpl_remove_routes
 .text.rpl_remove_routes_by_nexthop
                0x000079f4       0x34 contiki-srf06-cc26xx.a(rpl.o)
                0x000079f4                rpl_remove_routes_by_nexthop
 .text.rpl_add_route
                0x00007a28       0x38 contiki-srf06-cc26xx.a(rpl.o)
                0x00007a28                rpl_add_route
 .text.rpl_link_neighbor_callback
                0x00007a60       0x60 contiki-srf06-cc26xx.a(rpl.o)
                0x00007a60                rpl_link_neighbor_callback
 .text.rpl_ipv6_neighbor_callback
                0x00007ac0       0x30 contiki-srf06-cc26xx.a(rpl.o)
                0x00007ac0                rpl_ipv6_neighbor_callback
 .text.rpl_purge_dags
                0x00007af0       0x40 contiki-srf06-cc26xx.a(rpl.o)
                0x00007af0                rpl_purge_dags
 .text.rpl_init
                0x00007b30       0x4c contiki-srf06-cc26xx.a(rpl.o)
                0x00007b30                rpl_init
 .text.lollipop_greater_than
                0x00007b7c       0x3c contiki-srf06-cc26xx.a(rpl-dag.o)
 .text.rpl_set_preferred_parent
                0x00007bb8       0x2c contiki-srf06-cc26xx.a(rpl-dag.o)
 .text.set_ip_from_prefix
                0x00007be4       0x2c contiki-srf06-cc26xx.a(rpl-dag.o)
 .text.check_prefix
                0x00007c10       0x78 contiki-srf06-cc26xx.a(rpl-dag.o)
 .text.find_parent_any_dag_any_instance
                0x00007c88       0x1c contiki-srf06-cc26xx.a(rpl-dag.o)
 .text.rpl_dag_init
                0x00007ca4       0x14 contiki-srf06-cc26xx.a(rpl-dag.o)
                0x00007ca4                rpl_dag_init
 .text.rpl_get_parent
                0x00007cb8       0x10 contiki-srf06-cc26xx.a(rpl-dag.o)
                0x00007cb8                rpl_get_parent
 .text.rpl_rank_via_parent
                0x00007cc8       0x1c contiki-srf06-cc26xx.a(rpl-dag.o)
                0x00007cc8                rpl_rank_via_parent
 .text.rpl_get_parent_ipaddr
                0x00007ce4       0x18 contiki-srf06-cc26xx.a(rpl-dag.o)
                0x00007ce4                rpl_get_parent_ipaddr
 .text.rpl_get_parent_link_stats
                0x00007cfc       0x18 contiki-srf06-cc26xx.a(rpl-dag.o)
                0x00007cfc                rpl_get_parent_link_stats
 .text.best_parent
                0x00007d14       0x98 contiki-srf06-cc26xx.a(rpl-dag.o)
 .text.rpl_parent_is_fresh
                0x00007dac       0x10 contiki-srf06-cc26xx.a(rpl-dag.o)
                0x00007dac                rpl_parent_is_fresh
 .text.rpl_parent_is_reachable
                0x00007dbc       0x40 contiki-srf06-cc26xx.a(rpl-dag.o)
                0x00007dbc                rpl_parent_is_reachable
 .text.rpl_repair_root
                0x00007dfc       0x5c contiki-srf06-cc26xx.a(rpl-dag.o)
                0x00007dfc                rpl_repair_root
 .text.rpl_set_prefix
                0x00007e58       0x98 contiki-srf06-cc26xx.a(rpl-dag.o)
                0x00007e58                rpl_set_prefix
 .text.rpl_set_default_route
                0x00007ef0       0x30 contiki-srf06-cc26xx.a(rpl-dag.o)
                0x00007ef0                rpl_set_default_route
 .text.rpl_alloc_instance
                0x00007f20       0x34 contiki-srf06-cc26xx.a(rpl-dag.o)
                0x00007f20                rpl_alloc_instance
 .text.rpl_alloc_dag
                0x00007f54       0x5c contiki-srf06-cc26xx.a(rpl-dag.o)
                0x00007f54                rpl_alloc_dag
 .text.rpl_add_parent
                0x00007fb0       0x30 contiki-srf06-cc26xx.a(rpl-dag.o)
                0x00007fb0                rpl_add_parent
 .text.rpl_find_parent
                0x00007fe0       0x18 contiki-srf06-cc26xx.a(rpl-dag.o)
                0x00007fe0                rpl_find_parent
 .text.rpl_find_parent_any_dag
                0x00007ff8       0x20 contiki-srf06-cc26xx.a(rpl-dag.o)
                0x00007ff8                rpl_find_parent_any_dag
 .text.rpl_select_parent
                0x00008018       0x58 contiki-srf06-cc26xx.a(rpl-dag.o)
                0x00008018                rpl_select_parent
 .text.rpl_select_dag
                0x00008070      0x184 contiki-srf06-cc26xx.a(rpl-dag.o)
                0x00008070                rpl_select_dag
 .text.rpl_nullify_parent
                0x000081f4       0x58 contiki-srf06-cc26xx.a(rpl-dag.o)
                0x000081f4                rpl_nullify_parent
 .text.rpl_remove_parent
                0x0000824c       0x1c contiki-srf06-cc26xx.a(rpl-dag.o)
                0x0000824c                rpl_remove_parent
 .text.nbr_callback
                0x00008268        0x4 contiki-srf06-cc26xx.a(rpl-dag.o)
 .text.remove_parents.constprop.6
                0x0000826c       0x44 contiki-srf06-cc26xx.a(rpl-dag.o)
 .text.rpl_free_dag
                0x000082b0       0x3c contiki-srf06-cc26xx.a(rpl-dag.o)
                0x000082b0                rpl_free_dag
 .text.rpl_move_parent
                0x000082ec       0x58 contiki-srf06-cc26xx.a(rpl-dag.o)
                0x000082ec                rpl_move_parent
 .text.rpl_get_dag
                0x00008344       0x3c contiki-srf06-cc26xx.a(rpl-dag.o)
                0x00008344                rpl_get_dag
 .text.rpl_get_any_dag
                0x00008380       0x18 contiki-srf06-cc26xx.a(rpl-dag.o)
                0x00008380                rpl_get_any_dag
 .text.rpl_get_instance
                0x00008398       0x20 contiki-srf06-cc26xx.a(rpl-dag.o)
                0x00008398                rpl_get_instance
 .text.rpl_join_instance
                0x000083b8      0x168 contiki-srf06-cc26xx.a(rpl-dag.o)
                0x000083b8                rpl_join_instance
 .text.rpl_local_repair
                0x00008520       0x90 contiki-srf06-cc26xx.a(rpl-dag.o)
                0x00008520                rpl_local_repair
 .text.rpl_process_parent_event
                0x000085b0       0x9c contiki-srf06-cc26xx.a(rpl-dag.o)
                0x000085b0                rpl_process_parent_event
 .text.rpl_add_dag
                0x0000864c      0x154 contiki-srf06-cc26xx.a(rpl-dag.o)
                0x0000864c                rpl_add_dag
 .text.rpl_recalculate_ranks
                0x000087a0       0x50 contiki-srf06-cc26xx.a(rpl-dag.o)
                0x000087a0                rpl_recalculate_ranks
 .text.rpl_process_dio
                0x000087f0      0x334 contiki-srf06-cc26xx.a(rpl-dag.o)
                0x000087f0                rpl_process_dio
 .text.update_hbh_header
                0x00008b24       0xcc contiki-srf06-cc26xx.a(rpl-ext-header.)
 .text.insert_hbh_header.isra.0
                0x00008bf0       0xac contiki-srf06-cc26xx.a(rpl-ext-header.)
 .text.rpl_verify_hbh_header
                0x00008c9c       0xf0 contiki-srf06-cc26xx.a(rpl-ext-header.)
                0x00008c9c                rpl_verify_hbh_header
 .text.rpl_remove_header
                0x00008d8c       0x7c contiki-srf06-cc26xx.a(rpl-ext-header.)
                0x00008d8c                rpl_remove_header
 .text.rpl_update_header
                0x00008e08       0x74 contiki-srf06-cc26xx.a(rpl-ext-header.)
                0x00008e08                rpl_update_header
 .text.get32    0x00008e7c       0x20 contiki-srf06-cc26xx.a(rpl-icmp6.o)
 .text.dao_ack_input
                0x00008e9c       0x14 contiki-srf06-cc26xx.a(rpl-icmp6.o)
 .text.dao_output_target_seq
                0x00008eb0      0x12c contiki-srf06-cc26xx.a(rpl-icmp6.o)
 .text.dio_input
                0x00008fdc      0x270 contiki-srf06-cc26xx.a(rpl-icmp6.o)
 .text.rpl_icmp6_update_nbr_table
                0x0000924c       0x38 contiki-srf06-cc26xx.a(rpl-icmp6.o)
                0x0000924c                rpl_icmp6_update_nbr_table
 .text.dao_input
                0x00009284      0x2ec contiki-srf06-cc26xx.a(rpl-icmp6.o)
 .text.dis_output
                0x00009570       0x58 contiki-srf06-cc26xx.a(rpl-icmp6.o)
                0x00009570                dis_output
 .text.dio_output
                0x000095c8      0x2e8 contiki-srf06-cc26xx.a(rpl-icmp6.o)
                0x000095c8                dio_output
 .text.dis_input
                0x000098b0       0x54 contiki-srf06-cc26xx.a(rpl-icmp6.o)
 .text.dao_output
                0x00009904       0x90 contiki-srf06-cc26xx.a(rpl-icmp6.o)
                0x00009904                dao_output
 .text.dao_output_target
                0x00009994        0xc contiki-srf06-cc26xx.a(rpl-icmp6.o)
                0x00009994                dao_output_target
 .text.rpl_icmp6_register_handlers
                0x000099a0       0x30 contiki-srf06-cc26xx.a(rpl-icmp6.o)
                0x000099a0                rpl_icmp6_register_handlers
 .text.reset    0x000099d0        0x4 contiki-srf06-cc26xx.a(rpl-mrhof.o)
 .text.update_metric_container
                0x000099d4        0x8 contiki-srf06-cc26xx.a(rpl-mrhof.o)
 .text.parent_link_metric
                0x000099dc       0x14 contiki-srf06-cc26xx.a(rpl-mrhof.o)
 .text.parent_has_usable_link
                0x000099f0       0x18 contiki-srf06-cc26xx.a(rpl-mrhof.o)
 .text.best_dag
                0x00009a08       0x2c contiki-srf06-cc26xx.a(rpl-mrhof.o)
 .text.parent_path_cost
                0x00009a34       0x4c contiki-srf06-cc26xx.a(rpl-mrhof.o)
 .text.parent_is_acceptable
                0x00009a80       0x34 contiki-srf06-cc26xx.a(rpl-mrhof.o)
 .text.rank_via_parent
                0x00009ab4       0x3c contiki-srf06-cc26xx.a(rpl-mrhof.o)
 .text.best_parent
                0x00009af0       0x70 contiki-srf06-cc26xx.a(rpl-mrhof.o)
 .text.new_dio_interval
                0x00009b60       0x60 contiki-srf06-cc26xx.a(rpl-timers.o)
 .text.handle_periodic_timer
                0x00009bc0       0x58 contiki-srf06-cc26xx.a(rpl-timers.o)
 .text.set_dao_lifetime_timer
                0x00009c18       0x48 contiki-srf06-cc26xx.a(rpl-timers.o)
 .text.handle_unicast_dio_timer
                0x00009c60       0x1c contiki-srf06-cc26xx.a(rpl-timers.o)
 .text.handle_dio_timer
                0x00009c7c       0x8c contiki-srf06-cc26xx.a(rpl-timers.o)
 .text.schedule_dao
                0x00009d08       0x54 contiki-srf06-cc26xx.a(rpl-timers.o)
 .text.handle_dao_timer
                0x00009d5c       0x5c contiki-srf06-cc26xx.a(rpl-timers.o)
 .text.rpl_reset_periodic_timer
                0x00009db8       0x3c contiki-srf06-cc26xx.a(rpl-timers.o)
                0x00009db8                rpl_reset_periodic_timer
 .text.rpl_reset_dio_timer
                0x00009df4       0x1c contiki-srf06-cc26xx.a(rpl-timers.o)
                0x00009df4                rpl_reset_dio_timer
 .text.rpl_schedule_dao
                0x00009e10        0x8 contiki-srf06-cc26xx.a(rpl-timers.o)
                0x00009e10                rpl_schedule_dao
 .text.rpl_schedule_unicast_dio_immediately
                0x00009e18       0x14 contiki-srf06-cc26xx.a(rpl-timers.o)
                0x00009e18                rpl_schedule_unicast_dio_immediately
 .text.get_probing_delay
                0x00009e2c       0x4c contiki-srf06-cc26xx.a(rpl-timers.o)
                0x00009e2c                get_probing_delay
 .text.get_probing_target
                0x00009e78       0xdc contiki-srf06-cc26xx.a(rpl-timers.o)
                0x00009e78                get_probing_target
 .text.rpl_schedule_probing
                0x00009f54       0x20 contiki-srf06-cc26xx.a(rpl-timers.o)
                0x00009f54                rpl_schedule_probing
 .text.handle_probing_timer
                0x00009f74       0x34 contiki-srf06-cc26xx.a(rpl-timers.o)
 .text.SafeHapiVoid
                0x00009fa8       0x2c contiki-srf06-cc26xx.a(adi.o)
                0x00009fa8                SafeHapiVoid
 .text.SafeHapiAuxAdiSelect
                0x00009fd4       0x30 contiki-srf06-cc26xx.a(adi.o)
                0x00009fd4                SafeHapiAuxAdiSelect
 .text.NOROM_AONRTCCurrentCompareValueGet
                0x0000a004       0x24 contiki-srf06-cc26xx.a(aon_rtc.o)
                0x0000a004                NOROM_AONRTCCurrentCompareValueGet
 .text.NOROM_AUXADCDisable
                0x0000a028       0x80 contiki-srf06-cc26xx.a(aux_adc.o)
                0x0000a028                NOROM_AUXADCDisable
 .text.NOROM_AUXADCEnableSync
                0x0000a0a8       0xbc contiki-srf06-cc26xx.a(aux_adc.o)
                0x0000a0a8                NOROM_AUXADCEnableSync
 .text.NOROM_AUXADCReadFifo
                0x0000a164       0x18 contiki-srf06-cc26xx.a(aux_adc.o)
                0x0000a164                NOROM_AUXADCReadFifo
 .text.NOROM_ChipInfo_GetSupportedProtocol_BV
                0x0000a17c       0x10 contiki-srf06-cc26xx.a(chipinfo.o)
                0x0000a17c                NOROM_ChipInfo_GetSupportedProtocol_BV
 .text.NOROM_ChipInfo_GetChipFamily
                0x0000a18c       0x50 contiki-srf06-cc26xx.a(chipinfo.o)
                0x0000a18c                NOROM_ChipInfo_GetChipFamily
 .text.NOROM_ChipInfo_GetChipType
                0x0000a1dc       0x5c contiki-srf06-cc26xx.a(chipinfo.o)
                0x0000a1dc                NOROM_ChipInfo_GetChipType
 .text.NOROM_ChipInfo_GetHwRevision
                0x0000a238       0x70 contiki-srf06-cc26xx.a(chipinfo.o)
                0x0000a238                NOROM_ChipInfo_GetHwRevision
 .text.NOROM_ThisCodeIsBuiltForCC26xxHwRev22AndLater_HaltIfViolated
                0x0000a2a8       0x14 contiki-srf06-cc26xx.a(chipinfo.o)
                0x0000a2a8                NOROM_ThisCodeIsBuiltForCC26xxHwRev22AndLater_HaltIfViolated
 .text.NOROM_CPUcpsid
                0x0000a2bc        0x8 contiki-srf06-cc26xx.a(cpu.o)
                0x0000a2bc                NOROM_CPUcpsid
 .text.NOROM_CPUcpsie
                0x0000a2c4        0x8 contiki-srf06-cc26xx.a(cpu.o)
                0x0000a2c4                NOROM_CPUcpsie
 .text.NOROM_DDI32RegWrite
                0x0000a2cc       0x34 contiki-srf06-cc26xx.a(ddi.o)
                0x0000a2cc                NOROM_DDI32RegWrite
 .text.NOROM_DDI16BitfieldWrite
                0x0000a300       0x4c contiki-srf06-cc26xx.a(ddi.o)
                0x0000a300                NOROM_DDI16BitfieldWrite
 .text.NOROM_DDI16BitfieldRead
                0x0000a34c       0x48 contiki-srf06-cc26xx.a(ddi.o)
                0x0000a34c                NOROM_DDI16BitfieldRead
 .text.NOROM_OSCClockSourceSet
                0x0000a394       0x50 contiki-srf06-cc26xx.a(osc.o)
                0x0000a394                NOROM_OSCClockSourceSet
 .text.NOROM_OSCClockSourceGet
                0x0000a3e4       0x24 contiki-srf06-cc26xx.a(osc.o)
                0x0000a3e4                NOROM_OSCClockSourceGet
 .text.NOROM_PowerCtrlSourceSet
                0x0000a408       0x30 contiki-srf06-cc26xx.a(pwr_ctrl.o)
                0x0000a408                NOROM_PowerCtrlSourceSet
 .text.TrimAfterColdResetWakeupFromShutDown
                0x0000a438       0xe4 contiki-srf06-cc26xx.a(setup.o)
 .text.NOROM_SetupTrimDevice
                0x0000a51c       0xa4 contiki-srf06-cc26xx.a(setup.o)
                0x0000a51c                NOROM_SetupTrimDevice
 .text.NOROM_SetupGetTrimForXoscHfCtl.part.3
                0x0000a5c0       0x20 contiki-srf06-cc26xx.a(setup_rom.o)
 .text.NOROM_SetupGetTrimForRadcExtCfg.part.4
                0x0000a5e0       0x20 contiki-srf06-cc26xx.a(setup_rom.o)
 .text.NOROM_SetupAfterColdResetWakeupFromShutDownCfg1
                0x0000a600       0x7c contiki-srf06-cc26xx.a(setup_rom.o)
                0x0000a600                NOROM_SetupAfterColdResetWakeupFromShutDownCfg1
 .text.NOROM_SetupAfterColdResetWakeupFromShutDownCfg3
                0x0000a67c      0x194 contiki-srf06-cc26xx.a(setup_rom.o)
                0x0000a67c                NOROM_SetupAfterColdResetWakeupFromShutDownCfg3
 .text.NOROM_SetupGetTrimForAnabypassValue1
                0x0000a810       0x64 contiki-srf06-cc26xx.a(setup_rom.o)
                0x0000a810                NOROM_SetupGetTrimForAnabypassValue1
 .text.NOROM_SetupGetTrimForAmpcompCtrl
                0x0000a874       0x74 contiki-srf06-cc26xx.a(setup_rom.o)
                0x0000a874                NOROM_SetupGetTrimForAmpcompCtrl
 .text.NOROM_SetupAfterColdResetWakeupFromShutDownCfg2
                0x0000a8e8      0x194 contiki-srf06-cc26xx.a(setup_rom.o)
                0x0000a8e8                NOROM_SetupAfterColdResetWakeupFromShutDownCfg2
 .text.NOROM_SetupSetCacheModeAccordingToCcfgSetting
                0x0000aa7c       0x6c contiki-srf06-cc26xx.a(setup_rom.o)
                0x0000aa7c                NOROM_SetupSetCacheModeAccordingToCcfgSetting
 .text.NOROM_SysCtrlSetRechargeBeforePowerDown
                0x0000aae8      0x274 contiki-srf06-cc26xx.a(sys_ctrl.o)
                0x0000aae8                NOROM_SysCtrlSetRechargeBeforePowerDown
 .text.NOROM_SysCtrlAdjustRechargeAfterPowerDown
                0x0000ad5c       0x64 contiki-srf06-cc26xx.a(sys_ctrl.o)
                0x0000ad5c                NOROM_SysCtrlAdjustRechargeAfterPowerDown
 .text.NOROM_SysCtrl_DCDC_VoltageConditionalControl
                0x0000adc0       0x7c contiki-srf06-cc26xx.a(sys_ctrl.o)
                0x0000adc0                NOROM_SysCtrl_DCDC_VoltageConditionalControl
 .text.NOROM_TRNGConfigure
                0x0000ae3c       0x38 contiki-srf06-cc26xx.a(trng.o)
                0x0000ae3c                NOROM_TRNGConfigure
 .text.linkaddr_copy
                0x0000ae74        0xc contiki-srf06-cc26xx.a(linkaddr.o)
                0x0000ae74                linkaddr_copy
 .text.linkaddr_cmp
                0x0000ae80       0x10 contiki-srf06-cc26xx.a(linkaddr.o)
                0x0000ae80                linkaddr_cmp
 .text.periodic
                0x0000ae90       0x2c contiki-srf06-cc26xx.a(link-stats.o)
 .text.link_stats_from_lladdr
                0x0000aebc        0xc contiki-srf06-cc26xx.a(link-stats.o)
                0x0000aebc                link_stats_from_lladdr
 .text.link_stats_is_fresh
                0x0000aec8       0x28 contiki-srf06-cc26xx.a(link-stats.o)
                0x0000aec8                link_stats_is_fresh
 .text.link_stats_packet_sent
                0x0000aef0       0xbc contiki-srf06-cc26xx.a(link-stats.o)
                0x0000aef0                link_stats_packet_sent
 .text.link_stats_input_callback
                0x0000afac       0x5c contiki-srf06-cc26xx.a(link-stats.o)
                0x0000afac                link_stats_input_callback
 .text.link_stats_init
                0x0000b008       0x28 contiki-srf06-cc26xx.a(link-stats.o)
                0x0000b008                link_stats_init
 .text.nbr_set_bit
                0x0000b030       0x4c contiki-srf06-cc26xx.a(nbr-table.o)
 .text.index_from_lladdr
                0x0000b07c       0x50 contiki-srf06-cc26xx.a(nbr-table.o)
 .text.nbr_get_bit.constprop.0
                0x0000b0cc       0x2c contiki-srf06-cc26xx.a(nbr-table.o)
 .text.remove_key
                0x0000b0f8       0xa0 contiki-srf06-cc26xx.a(nbr-table.o)
 .text.nbr_table_register
                0x0000b198       0x2c contiki-srf06-cc26xx.a(nbr-table.o)
                0x0000b198                nbr_table_register
 .text.nbr_table_next
                0x0000b1c4       0x70 contiki-srf06-cc26xx.a(nbr-table.o)
                0x0000b1c4                nbr_table_next
 .text.nbr_table_head
                0x0000b234       0x58 contiki-srf06-cc26xx.a(nbr-table.o)
                0x0000b234                nbr_table_head
 .text.nbr_table_add_lladdr
                0x0000b28c      0x13c contiki-srf06-cc26xx.a(nbr-table.o)
                0x0000b28c                nbr_table_add_lladdr
 .text.nbr_table_get_from_lladdr
                0x0000b3c8       0x34 contiki-srf06-cc26xx.a(nbr-table.o)
                0x0000b3c8                nbr_table_get_from_lladdr
 .text.nbr_table_remove
                0x0000b3fc       0x2c contiki-srf06-cc26xx.a(nbr-table.o)
                0x0000b3fc                nbr_table_remove
 .text.nbr_table_lock
                0x0000b428       0x14 contiki-srf06-cc26xx.a(nbr-table.o)
                0x0000b428                nbr_table_lock
 .text.nbr_table_unlock
                0x0000b43c       0x14 contiki-srf06-cc26xx.a(nbr-table.o)
                0x0000b43c                nbr_table_unlock
 .text.nbr_table_get_lladdr
                0x0000b450       0x30 contiki-srf06-cc26xx.a(nbr-table.o)
                0x0000b450                nbr_table_get_lladdr
 .text.nbr_table_update_lladdr
                0x0000b480       0x54 contiki-srf06-cc26xx.a(nbr-table.o)
                0x0000b480                nbr_table_update_lladdr
 .text.netstack_init
                0x0000b4d4       0x38 contiki-srf06-cc26xx.a(netstack.o)
                0x0000b4d4                netstack_init
 .text.packetbuf_copyto
                0x0000b50c       0x50 contiki-srf06-cc26xx.a(packetbuf.o)
                0x0000b50c                packetbuf_copyto
 .text.packetbuf_hdralloc
                0x0000b55c       0x58 contiki-srf06-cc26xx.a(packetbuf.o)
                0x0000b55c                packetbuf_hdralloc
 .text.packetbuf_hdrreduce
                0x0000b5b4       0x2c contiki-srf06-cc26xx.a(packetbuf.o)
                0x0000b5b4                packetbuf_hdrreduce
 .text.packetbuf_set_datalen
                0x0000b5e0        0xc contiki-srf06-cc26xx.a(packetbuf.o)
                0x0000b5e0                packetbuf_set_datalen
 .text.packetbuf_dataptr
                0x0000b5ec       0x20 contiki-srf06-cc26xx.a(packetbuf.o)
                0x0000b5ec                packetbuf_dataptr
 .text.packetbuf_hdrptr
                0x0000b60c        0x8 contiki-srf06-cc26xx.a(packetbuf.o)
                0x0000b60c                packetbuf_hdrptr
 .text.packetbuf_datalen
                0x0000b614        0xc contiki-srf06-cc26xx.a(packetbuf.o)
                0x0000b614                packetbuf_datalen
 .text.packetbuf_totlen
                0x0000b620       0x24 contiki-srf06-cc26xx.a(packetbuf.o)
                0x0000b620                packetbuf_totlen
 .text.packetbuf_attr_clear
                0x0000b644       0x34 contiki-srf06-cc26xx.a(packetbuf.o)
                0x0000b644                packetbuf_attr_clear
 .text.packetbuf_clear
                0x0000b678       0x20 contiki-srf06-cc26xx.a(packetbuf.o)
                0x0000b678                packetbuf_clear
 .text.packetbuf_copyfrom
                0x0000b698       0x40 contiki-srf06-cc26xx.a(packetbuf.o)
                0x0000b698                packetbuf_copyfrom
 .text.packetbuf_attr_copyto
                0x0000b6d8       0x44 contiki-srf06-cc26xx.a(packetbuf.o)
                0x0000b6d8                packetbuf_attr_copyto
 .text.packetbuf_attr_copyfrom
                0x0000b71c       0x44 contiki-srf06-cc26xx.a(packetbuf.o)
                0x0000b71c                packetbuf_attr_copyfrom
 .text.packetbuf_set_attr
                0x0000b760       0x10 contiki-srf06-cc26xx.a(packetbuf.o)
                0x0000b760                packetbuf_set_attr
 .text.packetbuf_attr
                0x0000b770        0xc contiki-srf06-cc26xx.a(packetbuf.o)
                0x0000b770                packetbuf_attr
 .text.packetbuf_set_addr
                0x0000b77c       0x18 contiki-srf06-cc26xx.a(packetbuf.o)
                0x0000b77c                packetbuf_set_addr
 .text.packetbuf_addr
                0x0000b794       0x10 contiki-srf06-cc26xx.a(packetbuf.o)
                0x0000b794                packetbuf_addr
 .text.packetbuf_holds_broadcast
                0x0000b7a4       0x10 contiki-srf06-cc26xx.a(packetbuf.o)
                0x0000b7a4                packetbuf_holds_broadcast
 .text.queuebuf_init
                0x0000b7b4       0x1c contiki-srf06-cc26xx.a(queuebuf.o)
                0x0000b7b4                queuebuf_init
 .text.queuebuf_numfree
                0x0000b7d0        0xc contiki-srf06-cc26xx.a(queuebuf.o)
                0x0000b7d0                queuebuf_numfree
 .text.queuebuf_new_from_packetbuf
                0x0000b7dc       0x48 contiki-srf06-cc26xx.a(queuebuf.o)
                0x0000b7dc                queuebuf_new_from_packetbuf
 .text.queuebuf_update_attr_from_packetbuf
                0x0000b824        0xc contiki-srf06-cc26xx.a(queuebuf.o)
                0x0000b824                queuebuf_update_attr_from_packetbuf
 .text.queuebuf_update_from_packetbuf
                0x0000b830       0x1c contiki-srf06-cc26xx.a(queuebuf.o)
                0x0000b830                queuebuf_update_from_packetbuf
 .text.queuebuf_free
                0x0000b84c       0x2c contiki-srf06-cc26xx.a(queuebuf.o)
                0x0000b84c                queuebuf_free
 .text.queuebuf_to_packetbuf
                0x0000b878       0x30 contiki-srf06-cc26xx.a(queuebuf.o)
                0x0000b878                queuebuf_to_packetbuf
 .text.queuebuf_attr
                0x0000b8a8        0xc contiki-srf06-cc26xx.a(queuebuf.o)
                0x0000b8a8                queuebuf_attr
 .text.input_packet
                0x0000b8b4        0xc contiki-srf06-cc26xx.a(csma.o)
 .text.on       0x0000b8c0        0xc contiki-srf06-cc26xx.a(csma.o)
 .text.off      0x0000b8cc        0xc contiki-srf06-cc26xx.a(csma.o)
 .text.channel_check_interval
                0x0000b8d8       0x10 contiki-srf06-cc26xx.a(csma.o)
 .text.transmit_packet_list
                0x0000b8e8       0x34 contiki-srf06-cc26xx.a(csma.o)
 .text.schedule_transmission
                0x0000b91c       0x58 contiki-srf06-cc26xx.a(csma.o)
 .text.send_packet
                0x0000b974      0x154 contiki-srf06-cc26xx.a(csma.o)
 .text.init     0x0000bac8       0x24 contiki-srf06-cc26xx.a(csma.o)
 .text.tx_done  0x0000baec       0x94 contiki-srf06-cc26xx.a(csma.o)
 .text.packet_sent
                0x0000bb80       0xe8 contiki-srf06-cc26xx.a(csma.o)
 .text.parse    0x0000bc68       0xa0 contiki-srf06-cc26xx.a(framer-802154.o)
 .text.create_frame.isra.0
                0x0000bd08      0x144 contiki-srf06-cc26xx.a(framer-802154.o)
 .text.create   0x0000be4c        0x8 contiki-srf06-cc26xx.a(framer-802154.o)
 .text.hdr_length
                0x0000be54        0x8 contiki-srf06-cc26xx.a(framer-802154.o)
 .text.mac_call_sent_callback
                0x0000be5c       0x10 contiki-srf06-cc26xx.a(mac.o)
                0x0000be5c                mac_call_sent_callback
 .text.duty_cycle
                0x0000be6c        0x4 contiki-srf06-cc26xx.a(contikimac.o)
 .text.init     0x0000be70       0x40 contiki-srf06-cc26xx.a(contikimac.o)
 .text.on       0x0000beb0       0x2c contiki-srf06-cc26xx.a(contikimac.o)
 .text.off      0x0000bedc       0x38 contiki-srf06-cc26xx.a(contikimac.o)
 .text.recv_burst_off
                0x0000bf14       0x14 contiki-srf06-cc26xx.a(contikimac.o)
 .text.powercycle_turn_radio_off.part.2
                0x0000bf28       0x10 contiki-srf06-cc26xx.a(contikimac.o)
 .text.turn_off
                0x0000bf38       0x48 contiki-srf06-cc26xx.a(contikimac.o)
 .text.turn_on  0x0000bf80       0x40 contiki-srf06-cc26xx.a(contikimac.o)
 .text.schedule_powercycle_fixed.part.5
                0x0000bfc0       0x2c contiki-srf06-cc26xx.a(contikimac.o)
 .text.input_packet
                0x0000bfec       0xac contiki-srf06-cc26xx.a(contikimac.o)
 .text.send_packet.isra.8
                0x0000c098      0x228 contiki-srf06-cc26xx.a(contikimac.o)
 .text.qsend_list
                0x0000c2c0       0xec contiki-srf06-cc26xx.a(contikimac.o)
 .text.qsend_packet
                0x0000c3ac       0x24 contiki-srf06-cc26xx.a(contikimac.o)
 .text.powercycle_wrapper
                0x0000c3d0      0x234 contiki-srf06-cc26xx.a(contikimac.o)
 .text.init     0x0000c604        0x4 contiki-srf06-cc26xx.a(nullsec.o)
 .text.input    0x0000c608        0xc contiki-srf06-cc26xx.a(nullsec.o)
 .text.send     0x0000c614       0x20 contiki-srf06-cc26xx.a(nullsec.o)
 .text.rtimer_arch_init
                0x0000c634        0x4 contiki-srf06-cc26xx.a(rtimer-arch.o)
                0x0000c634                rtimer_arch_init
 .text.rtimer_arch_schedule
                0x0000c638        0x8 contiki-srf06-cc26xx.a(rtimer-arch.o)
                0x0000c638                rtimer_arch_schedule
 .text.rtimer_arch_now
                0x0000c640        0x4 contiki-srf06-cc26xx.a(rtimer-arch.o)
                0x0000c640                rtimer_arch_now
 .text.process_thread_rf_core_process
                0x0000c644       0x58 contiki-srf06-cc26xx.a(rf-core.o)
 .text.rf_core_is_accessible
                0x0000c69c       0x10 contiki-srf06-cc26xx.a(rf-core.o)
                0x0000c69c                rf_core_is_accessible
 .text.rf_core_send_cmd
                0x0000c6ac       0xa4 contiki-srf06-cc26xx.a(rf-core.o)
                0x0000c6ac                rf_core_send_cmd
 .text.rf_core_wait_cmd_done
                0x0000c750       0x30 contiki-srf06-cc26xx.a(rf-core.o)
                0x0000c750                rf_core_wait_cmd_done
 .text.rf_core_power_up
                0x0000c780       0xcc contiki-srf06-cc26xx.a(rf-core.o)
                0x0000c780                rf_core_power_up
 .text.rf_core_start_rat
                0x0000c84c       0x68 contiki-srf06-cc26xx.a(rf-core.o)
                0x0000c84c                rf_core_start_rat
 .text.rf_core_stop_rat
                0x0000c8b4       0x7c contiki-srf06-cc26xx.a(rf-core.o)
                0x0000c8b4                rf_core_stop_rat
 .text.rf_core_power_down
                0x0000c930       0xec contiki-srf06-cc26xx.a(rf-core.o)
                0x0000c930                rf_core_power_down
 .text.rf_core_set_modesel
                0x0000ca1c       0x44 contiki-srf06-cc26xx.a(rf-core.o)
                0x0000ca1c                rf_core_set_modesel
 .text.rf_core_boot
                0x0000ca60       0x1c contiki-srf06-cc26xx.a(rf-core.o)
                0x0000ca60                rf_core_boot
 .text.rf_core_restart_rat
                0x0000ca7c       0x18 contiki-srf06-cc26xx.a(rf-core.o)
                0x0000ca7c                rf_core_restart_rat
 .text.rf_core_setup_interrupts
                0x0000ca94       0x74 contiki-srf06-cc26xx.a(rf-core.o)
                0x0000ca94                rf_core_setup_interrupts
 .text.rf_core_cmd_done_en
                0x0000cb08       0x28 contiki-srf06-cc26xx.a(rf-core.o)
                0x0000cb08                rf_core_cmd_done_en
 .text.rf_core_cmd_done_dis
                0x0000cb30       0x18 contiki-srf06-cc26xx.a(rf-core.o)
                0x0000cb30                rf_core_cmd_done_dis
 .text.rf_core_get_last_radio_op
                0x0000cb48        0xc contiki-srf06-cc26xx.a(rf-core.o)
                0x0000cb48                rf_core_get_last_radio_op
 .text.rf_core_init_radio_op
                0x0000cb54       0x20 contiki-srf06-cc26xx.a(rf-core.o)
                0x0000cb54                rf_core_init_radio_op
 .text.rf_core_primary_mode_register
                0x0000cb74        0xc contiki-srf06-cc26xx.a(rf-core.o)
                0x0000cb74                rf_core_primary_mode_register
 .text.RFCCPE1IntHandler
                0x0000cb80       0x28 contiki-srf06-cc26xx.a(rf-core.o)
                0x0000cb80                RFCCPE1IntHandler
 .text.RFCCPE0IntHandler
                0x0000cba8       0x5c contiki-srf06-cc26xx.a(rf-core.o)
                0x0000cba8                RFCCPE0IntHandler
 .text.rf_ble_is_active
                0x0000cc04        0xc contiki-srf06-cc26xx.a(rf-ble.o)
                0x0000cc04                rf_ble_is_active
 .text.stimer_set
                0x0000cc10       0x10 contiki-srf06-cc26xx.a(stimer.o)
                0x0000cc10                stimer_set
 .text.stimer_expired
                0x0000cc20       0x20 contiki-srf06-cc26xx.a(stimer.o)
                0x0000cc20                stimer_expired
 .text.memb_init
                0x0000cc40       0x24 contiki-srf06-cc26xx.a(memb.o)
                0x0000cc40                memb_init
 .text.memb_alloc
                0x0000cc64       0x3c contiki-srf06-cc26xx.a(memb.o)
                0x0000cc64                memb_alloc
 .text.memb_free
                0x0000cca0       0x44 contiki-srf06-cc26xx.a(memb.o)
                0x0000cca0                memb_free
 .text.memb_inmemb
                0x0000cce4       0x1c contiki-srf06-cc26xx.a(memb.o)
                0x0000cce4                memb_inmemb
 .text.memb_numfree
                0x0000cd00       0x1c contiki-srf06-cc26xx.a(memb.o)
                0x0000cd00                memb_numfree
 .text.update_nbr
                0x0000cd1c      0x11c contiki-srf06-cc26xx.a(rpl-nbr-policy.)
 .text.handle_periodic_timer
                0x0000ce38       0x14 contiki-srf06-cc26xx.a(rpl-nbr-policy.)
 .text.find_removable_dio
                0x0000ce4c       0x40 contiki-srf06-cc26xx.a(rpl-nbr-policy.)
                0x0000ce4c                find_removable_dio
 .text.find_removable_dao
                0x0000ce8c       0x38 contiki-srf06-cc26xx.a(rpl-nbr-policy.)
                0x0000ce8c                find_removable_dao
 .text.rpl_nbr_policy_find_removable
                0x0000cec4       0x40 contiki-srf06-cc26xx.a(rpl-nbr-policy.)
                0x0000cec4                rpl_nbr_policy_find_removable
 .text.NOROM_AONBatMonTemperatureGetDegC
                0x0000cf04       0x30 contiki-srf06-cc26xx.a(aon_batmon.o)
                0x0000cf04                NOROM_AONBatMonTemperatureGetDegC
 .text.frame802154_get_pan_id
                0x0000cf34        0xc contiki-srf06-cc26xx.a(frame802154.o)
                0x0000cf34                frame802154_get_pan_id
 .text.frame802154_has_panid
                0x0000cf40       0xb8 contiki-srf06-cc26xx.a(frame802154.o)
                0x0000cf40                frame802154_has_panid
 .text.field_len
                0x0000cff8       0x9c contiki-srf06-cc26xx.a(frame802154.o)
 .text.frame802154_is_broadcast_addr
                0x0000d094       0x20 contiki-srf06-cc26xx.a(frame802154.o)
                0x0000d094                frame802154_is_broadcast_addr
 .text.frame802154_hdrlen
                0x0000d0b4       0x34 contiki-srf06-cc26xx.a(frame802154.o)
                0x0000d0b4                frame802154_hdrlen
 .text.frame802154_create_fcf
                0x0000d0e8       0x64 contiki-srf06-cc26xx.a(frame802154.o)
                0x0000d0e8                frame802154_create_fcf
 .text.frame802154_create
                0x0000d14c       0xb8 contiki-srf06-cc26xx.a(frame802154.o)
                0x0000d14c                frame802154_create
 .text.frame802154_parse_fcf
                0x0000d204       0x4c contiki-srf06-cc26xx.a(frame802154.o)
                0x0000d204                frame802154_parse_fcf
 .text.frame802154_parse
                0x0000d250      0x134 contiki-srf06-cc26xx.a(frame802154.o)
                0x0000d250                frame802154_parse
 .text.mac_sequence_is_duplicate
                0x0000d384       0x4c contiki-srf06-cc26xx.a(mac-sequence.o)
                0x0000d384                mac_sequence_is_duplicate
 .text.mac_sequence_register_seqno
                0x0000d3d0       0x64 contiki-srf06-cc26xx.a(mac-sequence.o)
                0x0000d3d0                mac_sequence_register_seqno
 .text          0x0000d434       0x30 /usr/bin/../lib/gcc/arm-none-eabi/4.9.3/armv7-m/libgcc.a(_aeabi_uldivmod.o)
                0x0000d434                __aeabi_uldivmod
 .text          0x0000d464       0x60 /usr/bin/../lib/gcc/arm-none-eabi/4.9.3/armv7-m/libgcc.a(bpabi.o)
                0x0000d464                __gnu_ldivmod_helper
                0x0000d494                __gnu_uldivmod_helper
 .text          0x0000d4c4        0x4 /usr/bin/../lib/gcc/arm-none-eabi/4.9.3/armv7-m/libgcc.a(_dvmd_tls.o)
                0x0000d4c4                __aeabi_ldiv0
                0x0000d4c4                __aeabi_idiv0
 .text          0x0000d4c8      0x2ac /usr/bin/../lib/gcc/arm-none-eabi/4.9.3/armv7-m/libgcc.a(_divdi3.o)
                0x0000d4c8                __divdi3
 .text          0x0000d774      0x270 /usr/bin/../lib/gcc/arm-none-eabi/4.9.3/armv7-m/libgcc.a(_udivdi3.o)
                0x0000d774                __udivdi3
 .text.memcmp   0x0000d9e4       0x64 /usr/bin/../lib/gcc/arm-none-eabi/4.9.3/../../../../arm-none-eabi/lib/armv7-m/libc.a(lib_a-memcmp.o)
                0x0000d9e4                memcmp
 .text          0x0000da48       0xec /usr/bin/../lib/gcc/arm-none-eabi/4.9.3/../../../../arm-none-eabi/lib/armv7-m/libc.a(lib_a-memcpy.o)
                0x0000da48                memcpy
 .text.memmove  0x0000db34       0xc8 /usr/bin/../lib/gcc/arm-none-eabi/4.9.3/../../../../arm-none-eabi/lib/armv7-m/libc.a(lib_a-memmove.o)
                0x0000db34                memmove
 .text.memset   0x0000dbfc       0x9c /usr/bin/../lib/gcc/arm-none-eabi/4.9.3/../../../../arm-none-eabi/lib/armv7-m/libc.a(lib_a-memset.o)
                0x0000dbfc                memset
 .text.strlen   0x0000dc98       0x5c /usr/bin/../lib/gcc/arm-none-eabi/4.9.3/../../../../arm-none-eabi/lib/armv7-m/libc.a(lib_a-strlen.o)
                0x0000dc98                strlen
 *(SORT(.rodata*))
 .rodata.autostart_processes
                0x0000dcf4        0x8 bmo-ping-pong.co
                0x0000dcf4                autostart_processes
 .rodata.str1.4
                0x0000dcfc      0x1aa bmo-ping-pong.co
 *fill*         0x0000dea6        0x2 00000000
 .rodata.str1.4
                0x0000dea8       0xf6 contiki-srf06-cc26xx.a(contiki-main.o)
 *fill*         0x0000df9e        0x2 00000000
 .rodata.str1.4
                0x0000dfa0        0x8 contiki-srf06-cc26xx.a(sensors.o)
 .rodata.button_left_sensor
                0x0000dfa8       0x10 contiki-srf06-cc26xx.a(button-sensor.o)
                0x0000dfa8                button_left_sensor
 .rodata.button_up_sensor
                0x0000dfb8       0x10 contiki-srf06-cc26xx.a(button-sensor.o)
                0x0000dfb8                button_up_sensor
 .rodata.button_select_sensor
                0x0000dfc8       0x10 contiki-srf06-cc26xx.a(button-sensor.o)
                0x0000dfc8                button_select_sensor
 .rodata.button_right_sensor
                0x0000dfd8       0x10 contiki-srf06-cc26xx.a(button-sensor.o)
                0x0000dfd8                button_right_sensor
 .rodata.button_down_sensor
                0x0000dfe8       0x10 contiki-srf06-cc26xx.a(button-sensor.o)
                0x0000dfe8                button_down_sensor
 .rodata.str1.4
                0x0000dff8        0x7 contiki-srf06-cc26xx.a(button-sensor.o)
 *fill*         0x0000dfff        0x1 00000000
 .rodata.als_sensor
                0x0000e000       0x10 contiki-srf06-cc26xx.a(als-sensor.o)
                0x0000e000                als_sensor
 .rodata.str1.4
                0x0000e010        0x4 contiki-srf06-cc26xx.a(als-sensor.o)
 .rodata.output_power
                0x0000e014       0x68 contiki-srf06-cc26xx.a(ieee-mode.o)
 .rodata.mode_ieee
                0x0000e07c        0x8 contiki-srf06-cc26xx.a(ieee-mode.o)
 .rodata.ieee_mode_driver
                0x0000e084       0x38 contiki-srf06-cc26xx.a(ieee-mode.o)
                0x0000e084                ieee_mode_driver
 .rodata.str1.4
                0x0000e0bc       0x1b contiki-srf06-cc26xx.a(soc-trng.o)
 *fill*         0x0000e0d7        0x1 00000000
 .rodata.str1.4
                0x0000e0d8       0x46 contiki-srf06-cc26xx.a(strformat.o)
 *fill*         0x0000e11e        0x2 00000000
 .rodata.buffer.4019
                0x0000e120       0x10 contiki-srf06-cc26xx.a(strformat.o)
 .rodata.buffer.4028
                0x0000e130       0x10 contiki-srf06-cc26xx.a(strformat.o)
 .rodata.str1.4
                0x0000e140        0xf contiki-srf06-cc26xx.a(ctimer.o)
 *fill*         0x0000e14f        0x1 00000000
 .rodata.str1.4
                0x0000e150        0xc contiki-srf06-cc26xx.a(etimer.o)
 .rodata.str1.4
                0x0000e15c        0xe contiki-srf06-cc26xx.a(serial-line.o)
 *fill*         0x0000e16a        0x2 00000000
 .rodata        0x0000e16c        0x2 contiki-srf06-cc26xx.a(sicslowpan.o)
 *fill*         0x0000e16e        0x2 00000000
 .rodata.ttl_values
                0x0000e170        0x4 contiki-srf06-cc26xx.a(sicslowpan.o)
 .rodata.unc_llconf
                0x0000e174        0x4 contiki-srf06-cc26xx.a(sicslowpan.o)
                0x0000e174                unc_llconf
 .rodata.llprefix
                0x0000e178        0x2 contiki-srf06-cc26xx.a(sicslowpan.o)
                0x0000e178                llprefix
 *fill*         0x0000e17a        0x2 00000000
 .rodata.sicslowpan_driver
                0x0000e17c        0xc contiki-srf06-cc26xx.a(sicslowpan.o)
                0x0000e17c                sicslowpan_driver
 .rodata.unc_mxconf
                0x0000e188        0x4 contiki-srf06-cc26xx.a(sicslowpan.o)
                0x0000e188                unc_mxconf
 .rodata.unc_ctxconf
                0x0000e18c        0x4 contiki-srf06-cc26xx.a(sicslowpan.o)
                0x0000e18c                unc_ctxconf
 .rodata.str1.4
                0x0000e190        0xb contiki-srf06-cc26xx.a(sicslowpan.o)
 *fill*         0x0000e19b        0x1 00000000
 .rodata.str1.4
                0x0000e19c       0x13 contiki-srf06-cc26xx.a(simple-udp.o)
 *fill*         0x0000e1af        0x1 00000000
 .rodata.str1.4
                0x0000e1b0        0xd contiki-srf06-cc26xx.a(tcpip.o)
 *fill*         0x0000e1bd        0x3 00000000
 .rodata.str1.4
                0x0000e1c0       0x2b contiki-srf06-cc26xx.a(uip-debug.o)
 *fill*         0x0000e1eb        0x1 00000000
 .rodata.linkaddr_null
                0x0000e1ec        0x8 contiki-srf06-cc26xx.a(linkaddr.o)
                0x0000e1ec                linkaddr_null
 .rodata.str1.4
                0x0000e1f4        0x5 contiki-srf06-cc26xx.a(csma.o)
 *fill*         0x0000e1f9        0x3 00000000
 .rodata.csma_driver
                0x0000e1fc       0x1c contiki-srf06-cc26xx.a(csma.o)
                0x0000e1fc                csma_driver
 .rodata.framer_802154
                0x0000e218        0xc contiki-srf06-cc26xx.a(framer-802154.o)
                0x0000e218                framer_802154
 .rodata.contikimac_driver
                0x0000e224       0x20 contiki-srf06-cc26xx.a(contikimac.o)
                0x0000e224                contikimac_driver
 .rodata.str1.4
                0x0000e244        0xb contiki-srf06-cc26xx.a(contikimac.o)
 *fill*         0x0000e24f        0x1 00000000
 .rodata.str1.4
                0x0000e250        0x8 contiki-srf06-cc26xx.a(nullsec.o)
 .rodata.nullsec_driver
                0x0000e258       0x10 contiki-srf06-cc26xx.a(nullsec.o)
                0x0000e258                nullsec_driver
 .rodata.str1.4
                0x0000e268       0x48 contiki-srf06-cc26xx.a(rf-core.o)
                                 0x46 (size before relaxing)
                0x0000e2b0                _etext = .

.glue_7         0x0000e2b0        0x0
 .glue_7        0x00000000        0x0 linker stubs

.glue_7t        0x0000e2b0        0x0
 .glue_7t       0x00000000        0x0 linker stubs

.vfp11_veneer   0x0000e2b0        0x0
 .vfp11_veneer  0x00000000        0x0 linker stubs

.v4_bx          0x0000e2b0        0x0
 .v4_bx         0x00000000        0x0 linker stubs

.iplt           0x0000e2b0        0x0
 .iplt          0x00000000        0x0 obj_srf06-cc26xx/startup_gcc.o

.data           0x20000000      0x270 load address 0x0000e2b0
                0x20000000                _data = .
 *(SORT(vtable))
 *(SORT(.data*))
 .data.bmo_ping_pong
                0x20000000       0x10 bmo-ping-pong.co
                0x20000000                bmo_ping_pong
 .data.sensors_process
                0x20000010       0x10 contiki-srf06-cc26xx.a(sensors.o)
                0x20000010                sensors_process
 .data.sensors  0x20000020       0x1c contiki-srf06-cc26xx.a(srf06-sensors.o)
                0x20000020                sensors
 .data.srf_module
                0x2000003c       0x14 contiki-srf06-cc26xx.a(board.o)
 .data.als_aux  0x20000050        0x8 contiki-srf06-cc26xx.a(als-sensor.o)
 .data.uart_module
                0x20000058       0x14 contiki-srf06-cc26xx.a(cc26xx-uart.o)
 .data.cc26xx_rf_lpm_module
                0x2000006c       0x14 contiki-srf06-cc26xx.a(ieee-mode.o)
 .data.ieee_overrides
                0x20000080       0x2c contiki-srf06-cc26xx.a(ieee-mode.o)
 .data.tx_power_current
                0x200000ac        0x4 contiki-srf06-cc26xx.a(ieee-mode.o)
                0x200000ac                tx_power_current
 .data.rng_module
                0x200000b0       0x14 contiki-srf06-cc26xx.a(soc-trng.o)
 .data.soc_trng_process
                0x200000c4       0x10 contiki-srf06-cc26xx.a(soc-trng.o)
                0x200000c4                soc_trng_process
 .data.ctxt     0x200000d4        0x8 contiki-srf06-cc26xx.a(dbg-printf.o)
 .data.ctimer_process
                0x200000dc       0x10 contiki-srf06-cc26xx.a(ctimer.o)
                0x200000dc                ctimer_process
 .data.etimer_process
                0x200000ec       0x10 contiki-srf06-cc26xx.a(etimer.o)
                0x200000ec                etimer_process
 .data.serial_line_process
                0x200000fc       0x10 contiki-srf06-cc26xx.a(serial-line.o)
                0x200000fc                serial_line_process
 .data.ds6_neighbors
                0x2000010c        0x4 contiki-srf06-cc26xx.a(uip-ds6-nbr.o)
                0x2000010c                ds6_neighbors
 .data.ds6_neighbors_struct
                0x20000110       0x10 contiki-srf06-cc26xx.a(uip-ds6-nbr.o)
 .data.defaultroutermemb
                0x20000120        0xc contiki-srf06-cc26xx.a(uip-ds6-route.o)
 .data.nbr_routes_struct
                0x2000012c       0x10 contiki-srf06-cc26xx.a(uip-ds6-route.o)
 .data.nbr_routes
                0x2000013c        0x4 contiki-srf06-cc26xx.a(uip-ds6-route.o)
                0x2000013c                nbr_routes
 .data.routememb
                0x20000140        0xc contiki-srf06-cc26xx.a(uip-ds6-route.o)
 .data.neighborroutememb
                0x2000014c        0xc contiki-srf06-cc26xx.a(uip-ds6-route.o)
 .data.echo_request_handler
                0x20000158        0xc contiki-srf06-cc26xx.a(uip-icmp6.o)
 .data.echo_reply_handler
                0x20000164        0xc contiki-srf06-cc26xx.a(uip-icmp6.o)
 .data.ns_input_handler
                0x20000170        0xc contiki-srf06-cc26xx.a(uip-nd6.o)
 .data.simple_udp_process
                0x2000017c       0x10 contiki-srf06-cc26xx.a(simple-udp.o)
                0x2000017c                simple_udp_process
 .data.tcpip_process
                0x2000018c       0x10 contiki-srf06-cc26xx.a(tcpip.o)
                0x2000018c                tcpip_process
 .data.rpl_parents
                0x2000019c        0x4 contiki-srf06-cc26xx.a(rpl-dag.o)
                0x2000019c                rpl_parents
 .data.rpl_parents_struct
                0x200001a0       0x10 contiki-srf06-cc26xx.a(rpl-dag.o)
 .data.dao_ack_handler
                0x200001b0        0xc contiki-srf06-cc26xx.a(rpl-icmp6.o)
 .data.dis_handler
                0x200001bc        0xc contiki-srf06-cc26xx.a(rpl-icmp6.o)
 .data.dao_handler
                0x200001c8        0xc contiki-srf06-cc26xx.a(rpl-icmp6.o)
 .data.dio_handler
                0x200001d4        0xc contiki-srf06-cc26xx.a(rpl-icmp6.o)
 .data.rpl_mrhof
                0x200001e0       0x24 contiki-srf06-cc26xx.a(rpl-mrhof.o)
                0x200001e0                rpl_mrhof
 .data.link_stats_struct
                0x20000204       0x10 contiki-srf06-cc26xx.a(link-stats.o)
 .data.neighbor_addr_mem
                0x20000214        0xc contiki-srf06-cc26xx.a(nbr-table.o)
 .data.bufmem   0x20000220        0xc contiki-srf06-cc26xx.a(queuebuf.o)
 .data.buframmem
                0x2000022c        0xc contiki-srf06-cc26xx.a(queuebuf.o)
 .data.neighbor_memb
                0x20000238        0xc contiki-srf06-cc26xx.a(csma.o)
 .data.packet_memb
                0x20000244        0xc contiki-srf06-cc26xx.a(csma.o)
 .data.metadata_memb
                0x20000250        0xc contiki-srf06-cc26xx.a(csma.o)
 .data.rf_core_process
                0x2000025c       0x10 contiki-srf06-cc26xx.a(rf-core.o)
                0x2000025c                rf_core_process
 .data.mac_pan_id
                0x2000026c        0x2 contiki-srf06-cc26xx.a(frame802154.o)
 .data.rng_ready_event
                0x2000026e        0x1 contiki-srf06-cc26xx.a(soc-trng.o)
 .data.dao_sequence
                0x2000026f        0x1 contiki-srf06-cc26xx.a(rpl-icmp6.o)
                0x20000270                _edata = .

.igot.plt       0x20000270        0x0 load address 0x0000e520
 .igot.plt      0x00000000        0x0 obj_srf06-cc26xx/startup_gcc.o

.ARM.exidx      0x0000e520        0x8
 *(SORT(.ARM.exidx*))
 .ARM.exidx     0x0000e520        0x8 /usr/bin/../lib/gcc/arm-none-eabi/4.9.3/armv7-m/libgcc.a(_divdi3.o)
 .ARM.exidx     0x0000e528        0x0 /usr/bin/../lib/gcc/arm-none-eabi/4.9.3/armv7-m/libgcc.a(_udivdi3.o)
                                  0x8 (size before relaxing)

.bss            0x20000270     0x30a2
                0x20000270                _bss = .
 *(SORT(.bss*))
 .bss.count     0x20000270        0x8 contiki-srf06-cc26xx.a(clock.o)
 .bss.last_rat_timestamp64
                0x20000278        0x8 contiki-srf06-cc26xx.a(ieee-mode.o)
 .bss.rands_cache
                0x20000280       0x20 contiki-srf06-cc26xx.a(soc-trng.o)
 .bss.periodic_timer.6500
                0x200002a0       0x10 bmo-ping-pong.co
 .bss.broadcast_connection
                0x200002b0       0x24 bmo-ping-pong.co
 .bss.message_counter
                0x200002d4        0x4 bmo-ping-pong.co
                0x200002d4                message_counter
 .bss.status    0x200002d8        0x4 bmo-ping-pong.co
                0x200002d8                status
 .bss.events.4848
                0x200002dc        0x4 contiki-srf06-cc26xx.a(sensors.o)
 .bss.i.4847    0x200002e0        0x4 contiki-srf06-cc26xx.a(sensors.o)
 .bss.inited    0x200002e4        0x4 contiki-srf06-cc26xx.a(leds-arch.o)
 .bss.right_timer
                0x200002e8       0x10 contiki-srf06-cc26xx.a(button-sensor.o)
 .bss.down_timer
                0x200002f8       0x10 contiki-srf06-cc26xx.a(button-sensor.o)
 .bss.sel_timer
                0x20000308       0x10 contiki-srf06-cc26xx.a(button-sensor.o)
 .bss.left_timer
                0x20000318       0x10 contiki-srf06-cc26xx.a(button-sensor.o)
 .bss.up_timer  0x20000328       0x10 contiki-srf06-cc26xx.a(button-sensor.o)
 .bss.last_isr_time
                0x20000338        0x4 contiki-srf06-cc26xx.a(soc-rtc.o)
 .bss.consumers_list_list
                0x2000033c        0x4 contiki-srf06-cc26xx.a(aux-ctrl.o)
 .bss.input_handler
                0x20000340        0x4 contiki-srf06-cc26xx.a(cc26xx-uart.o)
 .bss.modules_list_list
                0x20000344        0x4 contiki-srf06-cc26xx.a(lpm.o)
 .bss.handlers  0x20000348       0x80 contiki-srf06-cc26xx.a(gpio-interrupt.)
 .bss.rat_overflow_counter
                0x200003c8        0x4 contiki-srf06-cc26xx.a(ieee-mode.o)
 .bss.rx_buf_0  0x200003cc       0x90 contiki-srf06-cc26xx.a(ieee-mode.o)
 .bss.rx_buf_1  0x2000045c       0x90 contiki-srf06-cc26xx.a(ieee-mode.o)
 .bss.rx_buf_2  0x200004ec       0x90 contiki-srf06-cc26xx.a(ieee-mode.o)
 .bss.rx_buf_3  0x2000057c       0x90 contiki-srf06-cc26xx.a(ieee-mode.o)
 .bss.rx_data_queue
                0x2000060c        0x8 contiki-srf06-cc26xx.a(ieee-mode.o)
 .bss.last_packet_timestamp
                0x20000614        0x4 contiki-srf06-cc26xx.a(ieee-mode.o)
 .bss.rat_overflow_timer
                0x20000618       0x20 contiki-srf06-cc26xx.a(ieee-mode.o)
 .bss.filter_cmd
                0x20000638        0x8 contiki-srf06-cc26xx.a(ieee-mode.o)
 .bss.rx_read_entry
                0x20000640        0x4 contiki-srf06-cc26xx.a(ieee-mode.o)
 .bss.last_rat_overflow
                0x20000644        0x4 contiki-srf06-cc26xx.a(ieee-mode.o)
 .bss.cmd_ieee_rx_buf
                0x20000648       0x80 contiki-srf06-cc26xx.a(ieee-mode.o)
 .bss.rf_stats  0x200006c8       0x10 contiki-srf06-cc26xx.a(ieee-mode.o)
 .bss.last_value.8792
                0x200006d8        0x4 contiki-srf06-cc26xx.a(ieee-mode.o)
 .bss.tx_buf    0x200006dc       0xb6 contiki-srf06-cc26xx.a(ieee-mode.o)
 *fill*         0x20000792        0x2 
 .bss.notify_cb
                0x20000794        0x4 contiki-srf06-cc26xx.a(soc-trng.o)
 .bss.rands_mask
                0x20000798        0x4 contiki-srf06-cc26xx.a(soc-trng.o)
 .bss.ctimer_list_list
                0x2000079c        0x4 contiki-srf06-cc26xx.a(ctimer.o)
 .bss.timerlist
                0x200007a0        0x4 contiki-srf06-cc26xx.a(etimer.o)
 .bss.next_expiration
                0x200007a4        0x4 contiki-srf06-cc26xx.a(etimer.o)
 .bss.process_current
                0x200007a8        0x4 contiki-srf06-cc26xx.a(process.o)
                0x200007a8                process_current
 .bss.process_list
                0x200007ac        0x4 contiki-srf06-cc26xx.a(process.o)
                0x200007ac                process_list
 .bss.events    0x200007b0      0x180 contiki-srf06-cc26xx.a(process.o)
 .bss.next_rtimer
                0x20000930        0x4 contiki-srf06-cc26xx.a(rtimer.o)
 .bss.rxbuf_data
                0x20000934       0x80 contiki-srf06-cc26xx.a(serial-line.o)
 .bss.rxbuf     0x200009b4        0x8 contiki-srf06-cc26xx.a(serial-line.o)
 .bss.buf.4831  0x200009bc       0x80 contiki-srf06-cc26xx.a(serial-line.o)
 .bss.ptr.4832  0x20000a3c        0x4 contiki-srf06-cc26xx.a(serial-line.o)
 .bss.context   0x20000a40        0x4 contiki-srf06-cc26xx.a(sicslowpan.o)
 .bss.last_rssi
                0x20000a44        0x4 contiki-srf06-cc26xx.a(sicslowpan.o)
 .bss.hc06_ptr  0x20000a48        0x4 contiki-srf06-cc26xx.a(sicslowpan.o)
 .bss.frag_info
                0x20000a4c      0x170 contiki-srf06-cc26xx.a(sicslowpan.o)
 .bss.addr_contexts
                0x20000bbc        0xa contiki-srf06-cc26xx.a(sicslowpan.o)
 *fill*         0x20000bc6        0x2 
 .bss.packetbuf_ptr
                0x20000bc8        0x4 contiki-srf06-cc26xx.a(sicslowpan.o)
 .bss.last_tx_status
                0x20000bcc        0x4 contiki-srf06-cc26xx.a(sicslowpan.o)
 .bss.frag_buf  0x20000bd0      0x54c contiki-srf06-cc26xx.a(sicslowpan.o)
 .bss.packetbuf_payload_len
                0x2000111c        0x4 contiki-srf06-cc26xx.a(sicslowpan.o)
 .bss.callback  0x20001120        0x4 contiki-srf06-cc26xx.a(sicslowpan.o)
 .bss.iss       0x20001124        0x4 contiki-srf06-cc26xx.a(uip6.o)
 .bss.locmaddr  0x20001128        0x4 contiki-srf06-cc26xx.a(uip-ds6.o)
 .bss.locprefix
                0x2000112c        0x4 contiki-srf06-cc26xx.a(uip-ds6.o)
 .bss.locaddr   0x20001130        0x4 contiki-srf06-cc26xx.a(uip-ds6.o)
 .bss.loc_fipaddr
                0x20001134       0x10 contiki-srf06-cc26xx.a(uip-ds6.o)
 .bss._ds6_neighbors_mem
                0x20001144      0x168 contiki-srf06-cc26xx.a(uip-ds6-nbr.o)
 .bss.defaultroutermemb_memb_mem
                0x200012ac       0x40 contiki-srf06-cc26xx.a(uip-ds6-route.o)
 .bss.num_routes
                0x200012ec        0x4 contiki-srf06-cc26xx.a(uip-ds6-route.o)
 .bss.defaultroutermemb_memb_count
                0x200012f0        0x2 contiki-srf06-cc26xx.a(uip-ds6-route.o)
 *fill*         0x200012f2        0x2 
 .bss.defaultrouterlist_list
                0x200012f4        0x4 contiki-srf06-cc26xx.a(uip-ds6-route.o)
 .bss._nbr_routes_mem
                0x200012f8       0xa0 contiki-srf06-cc26xx.a(uip-ds6-route.o)
 .bss.routelist_list
                0x20001398        0x4 contiki-srf06-cc26xx.a(uip-ds6-route.o)
 .bss.routememb_memb_mem
                0x2000139c      0x320 contiki-srf06-cc26xx.a(uip-ds6-route.o)
 .bss.neighborroutememb_memb_mem
                0x200016bc       0xa0 contiki-srf06-cc26xx.a(uip-ds6-route.o)
 .bss.notificationlist_list
                0x2000175c        0x4 contiki-srf06-cc26xx.a(uip-ds6-route.o)
 .bss.neighborroutememb_memb_count
                0x20001760       0x14 contiki-srf06-cc26xx.a(uip-ds6-route.o)
 .bss.routememb_memb_count
                0x20001774       0x14 contiki-srf06-cc26xx.a(uip-ds6-route.o)
 .bss.tmp_ipaddr
                0x20001788       0x10 contiki-srf06-cc26xx.a(uip-icmp6.o)
 .bss.echo_reply_callback_list_list
                0x20001798        0x4 contiki-srf06-cc26xx.a(uip-icmp6.o)
 .bss.input_handler_list_list
                0x2000179c        0x4 contiki-srf06-cc26xx.a(uip-icmp6.o)
 .bss.nbr       0x200017a0        0x4 contiki-srf06-cc26xx.a(uip-nd6.o)
 .bss.nd6_opt_llao
                0x200017a4        0x4 contiki-srf06-cc26xx.a(uip-nd6.o)
 .bss.addr      0x200017a8        0x4 contiki-srf06-cc26xx.a(uip-nd6.o)
 .bss.databuffer
                0x200017ac      0x3e8 contiki-srf06-cc26xx.a(simple-udp.o)
 .bss.s         0x20001b94       0xa4 contiki-srf06-cc26xx.a(tcpip.o)
 .bss.periodic  0x20001c38       0x10 contiki-srf06-cc26xx.a(tcpip.o)
 .bss.outputfunc
                0x20001c48        0x4 contiki-srf06-cc26xx.a(tcpip.o)
 .bss._rpl_parents_mem
                0x20001c4c       0xa0 contiki-srf06-cc26xx.a(rpl-dag.o)
 .bss.periodic_timer
                0x20001cec       0x20 contiki-srf06-cc26xx.a(rpl-timers.o)
 .bss.powerQualGlobals
                0x20001d0c        0x8 contiki-srf06-cc26xx.a(sys_ctrl.o)
 .bss._link_stats_mem
                0x20001d14       0xf0 contiki-srf06-cc26xx.a(link-stats.o)
 .bss.neighbor_addr_mem_memb_count
                0x20001e04       0x14 contiki-srf06-cc26xx.a(nbr-table.o)
 .bss.locked_map
                0x20001e18       0x14 contiki-srf06-cc26xx.a(nbr-table.o)
 .bss.nbr_table_keys_list
                0x20001e2c        0x4 contiki-srf06-cc26xx.a(nbr-table.o)
 .bss.neighbor_addr_mem_memb_mem
                0x20001e30       0xf0 contiki-srf06-cc26xx.a(nbr-table.o)
 .bss.used_map  0x20001f20       0x14 contiki-srf06-cc26xx.a(nbr-table.o)
 .bss.all_tables